Component: ARM Compiler 5.06 update 6 (build 750) Tool: armlink [4d35ed]

==============================================================================

Section Cross References

    startup_stm32f429xx.o(STACK) refers (Special) to heapauxi.o(.text) for __use_two_region_memory
    startup_stm32f429xx.o(HEAP) refers (Special) to heapauxi.o(.text) for __use_two_region_memory
    startup_stm32f429xx.o(RESET) refers (Special) to heapauxi.o(.text) for __use_two_region_memory
    startup_stm32f429xx.o(RESET) refers to startup_stm32f429xx.o(STACK) for __initial_sp
    startup_stm32f429xx.o(RESET) refers to startup_stm32f429xx.o(.text) for Reset_Handler
    startup_stm32f429xx.o(RESET) refers to stm32f4xx_it.o(i.NMI_Handler) for NMI_Handler
    startup_stm32f429xx.o(RESET) refers to stm32f4xx_it.o(i.HardFault_Handler) for HardFault_Handler
    startup_stm32f429xx.o(RESET) refers to stm32f4xx_it.o(i.MemManage_Handler) for MemManage_Handler
    startup_stm32f429xx.o(RESET) refers to stm32f4xx_it.o(i.BusFault_Handler) for BusFault_Handler
    startup_stm32f429xx.o(RESET) refers to stm32f4xx_it.o(i.UsageFault_Handler) for UsageFault_Handler
    startup_stm32f429xx.o(RESET) refers to port.o(.emb_text) for SVC_Handler
    startup_stm32f429xx.o(RESET) refers to stm32f4xx_it.o(i.DebugMon_Handler) for DebugMon_Handler
    startup_stm32f429xx.o(RESET) refers to port.o(i.SysTick_Handler) for SysTick_Handler
    startup_stm32f429xx.o(RESET) refers to stm32f4xx_it.o(i.DMA1_Stream0_IRQHandler) for DMA1_Stream0_IRQHandler
    startup_stm32f429xx.o(RESET) refers to stm32f4xx_it.o(i.DMA1_Stream1_IRQHandler) for DMA1_Stream1_IRQHandler
    startup_stm32f429xx.o(RESET) refers to stm32f4xx_it.o(i.DMA1_Stream2_IRQHandler) for DMA1_Stream2_IRQHandler
    startup_stm32f429xx.o(RESET) refers to stm32f4xx_it.o(i.DMA1_Stream3_IRQHandler) for DMA1_Stream3_IRQHandler
    startup_stm32f429xx.o(RESET) refers to stm32f4xx_it.o(i.DMA1_Stream5_IRQHandler) for DMA1_Stream5_IRQHandler
    startup_stm32f429xx.o(RESET) refers to stm32f4xx_it.o(i.DMA1_Stream6_IRQHandler) for DMA1_Stream6_IRQHandler
    startup_stm32f429xx.o(RESET) refers to stm32f4xx_it.o(i.EXTI9_5_IRQHandler) for EXTI9_5_IRQHandler
    startup_stm32f429xx.o(RESET) refers to stm32f4xx_it.o(i.TIM2_IRQHandler) for TIM2_IRQHandler
    startup_stm32f429xx.o(RESET) refers to stm32f4xx_it.o(i.TIM3_IRQHandler) for TIM3_IRQHandler
    startup_stm32f429xx.o(RESET) refers to stm32f4xx_it.o(i.TIM4_IRQHandler) for TIM4_IRQHandler
    startup_stm32f429xx.o(RESET) refers to stm32f4xx_it.o(i.USART2_IRQHandler) for USART2_IRQHandler
    startup_stm32f429xx.o(RESET) refers to stm32f4xx_it.o(i.USART3_IRQHandler) for USART3_IRQHandler
    startup_stm32f429xx.o(RESET) refers to stm32f4xx_it.o(i.UART4_IRQHandler) for UART4_IRQHandler
    startup_stm32f429xx.o(RESET) refers to stm32f4xx_it.o(i.UART5_IRQHandler) for UART5_IRQHandler
    startup_stm32f429xx.o(RESET) refers to stm32f4xx_it.o(i.USART6_IRQHandler) for USART6_IRQHandler
    startup_stm32f429xx.o(RESET) refers to stm32f4xx_it.o(i.UART7_IRQHandler) for UART7_IRQHandler
    startup_stm32f429xx.o(RESET) refers to stm32f4xx_it.o(i.UART8_IRQHandler) for UART8_IRQHandler
    startup_stm32f429xx.o(.text) refers (Special) to heapauxi.o(.text) for __use_two_region_memory
    startup_stm32f429xx.o(.text) refers to system_stm32f4xx.o(i.SystemInit) for SystemInit
    startup_stm32f429xx.o(.text) refers to __main.o(!!!main) for __main
    startup_stm32f429xx.o(.text) refers to startup_stm32f429xx.o(HEAP) for Heap_Mem
    startup_stm32f429xx.o(.text) refers to startup_stm32f429xx.o(STACK) for Stack_Mem
    main.o(i.HAL_TIM_PeriodElapsedCallback) refers to stm32f4xx_hal.o(i.HAL_IncTick) for HAL_IncTick
    main.o(i.HAL_TIM_PeriodElapsedCallback) refers to dhcp.o(i.DHCP_timer_handler) for DHCP_timer_handler
    main.o(i.HAL_TIM_PeriodElapsedCallback) refers to w5500_ex.o(i.Ethernet_Timer_Handler) for Ethernet_Timer_Handler
    main.o(i.HAL_TIM_PeriodElapsedCallback) refers to serial.o(i.Uart_Timer_Handler) for Uart_Timer_Handler
    main.o(i.SystemClock_Config) refers to rt_memclr_w.o(.text) for __aeabi_memclr4
    main.o(i.SystemClock_Config) refers to stm32f4xx_hal_rcc.o(i.HAL_RCC_OscConfig) for HAL_RCC_OscConfig
    main.o(i.SystemClock_Config) refers to main.o(i.Error_Handler) for Error_Handler
    main.o(i.SystemClock_Config) refers to stm32f4xx_hal_pwr_ex.o(i.HAL_PWREx_EnableOverDrive) for HAL_PWREx_EnableOverDrive
    main.o(i.SystemClock_Config) refers to stm32f4xx_hal_rcc.o(i.HAL_RCC_ClockConfig) for HAL_RCC_ClockConfig
    main.o(i.SystemClock_Config) refers to stm32f4xx_hal_rcc_ex.o(i.HAL_RCCEx_PeriphCLKConfig) for HAL_RCCEx_PeriphCLKConfig
    main.o(i.main) refers to stm32f4xx_hal.o(i.HAL_Init) for HAL_Init
    main.o(i.main) refers to main.o(i.SystemClock_Config) for SystemClock_Config
    main.o(i.main) refers to gpio.o(i.MX_GPIO_Init) for MX_GPIO_Init
    main.o(i.main) refers to dma.o(i.MX_DMA_Init) for MX_DMA_Init
[...]
    DHCP_allocated_sn                        0x20000e4c   Data           4  dhcp.o(.data)
    DHCP_allocated_dns                       0x20000e50   Data           4  dhcp.o(.data)
    HOST_NAME                                0x20000e54   Data          12  dhcp.o(.data)
    dhcp_state                               0x20000e60   Data           1  dhcp.o(.data)
    dhcp_retry_count                         0x20000e61   Data           1  dhcp.o(.data)
    DHCP_timeout                             0x20000e62   Data           1  dhcp.o(.data)
    dhcp_lease_time                          0x20000e64   Data           4  dhcp.o(.data)
    dhcp_time                                0x20000e68   Data           4  dhcp.o(.data)
    next_dhcp_time                           0x20000e6c   Data           4  dhcp.o(.data)
    dhcp_tick_cnt                            0x20000e70   Data           4  dhcp.o(.data)
    DHCP_timer                               0x20000e74   Data           1  dhcp.o(.data)
    DHCP_XID                                 0x20000e78   Data           4  dhcp.o(.data)
    pDHCPMSG                                 0x20000e7c   Data           4  dhcp.o(.data)
    dhcp_ip_assign                           0x20000e80   Data           4  dhcp.o(.data)
    dhcp_ip_update                           0x20000e84   Data           4  dhcp.o(.data)
    dhcp_ip_conflict                         0x20000e88   Data           4  dhcp.o(.data)
    g_errorText                              0x20000ea0   Data           4  display.o(.data)
    g_testModeText                           0x20000ea4   Data          20  display.o(.data)
    g_LCD_TxLen                              0x20000eb8   Data           2  lcd.o(.data)
    g_LCD_Button                             0x20000eba   Data           2  lcd.o(.data)
    g_modbusInfo                             0x20000ec0   Data          72  modbus.o(.data)
    __stdout                                 0x20000f28   Data           4  drivers.o(.data)
    g_uart2_RxEnabled                        0x20000f30   Data           1  serial.o(.data)
    g_uart2_RxLen                            0x20000f32   Data           2  serial.o(.data)
    g_uart3_RxTmp                            0x20000f34   Data           1  serial.o(.data)
    g_uart3_RxLen                            0x20000f36   Data           2  serial.o(.data)
    g_uart4_RxTmp                            0x20000f38   Data           1  serial.o(.data)
    g_uart4_RxLen                            0x20000f3a   Data           2  serial.o(.data)
    g_uart5_RxLen                            0x20000f3c   Data           2  serial.o(.data)
    g_uart6_RxTmp                            0x20000f3e   Data           1  serial.o(.data)
    g_uart6_RxLen                            0x20000f40   Data           2  serial.o(.data)
    g_uart7_RxLen                            0x20000f42   Data           2  serial.o(.data)
    g_uart8_RxLen                            0x20000f44   Data           2  serial.o(.data)
    g_uart3_RxTim                            0x20000f48   Data           4  serial.o(.data)
    g_uart4_RxTim                            0x20000f4c   Data           4  serial.o(.data)
    g_uart6_RxTim                            0x20000f50   Data           4  serial.o(.data)
    g_uartTick                               0x20000f54   Data           4  serial.o(.data)
    g_RTCTime                                0x20000f58   Data           6  rtctime.o(.data)
    W25QXX_TYPE                              0x20000f5e   Data           2  w25qxx.o(.data)
    hrtc                                     0x20000f60   Data          32  rtc.o(.bss)
    hspi1                                    0x20000f80   Data          88  spi.o(.bss)
    hspi2                                    0x20000fd8   Data          88  spi.o(.bss)
    hspi4                                    0x20001030   Data          88  spi.o(.bss)
    htim2                                    0x20001088   Data          64  tim.o(.bss)
    htim3                                    0x200010c8   Data          64  tim.o(.bss)
    huart4                                   0x20001108   Data          64  usart.o(.bss)
    huart5                                   0x20001148   Data          64  usart.o(.bss)
    huart7                                   0x20001188   Data          64  usart.o(.bss)
    huart8                                   0x200011c8   Data          64  usart.o(.bss)
    huart2                                   0x20001208   Data          64  usart.o(.bss)
    huart3                                   0x20001248   Data          64  usart.o(.bss)
    huart6                                   0x20001288   Data          64  usart.o(.bss)
    hdma_uart4_rx                            0x200012c8   Data          96  usart.o(.bss)
    hdma_uart5_rx                            0x20001328   Data          96  usart.o(.bss)
    hdma_uart7_rx                            0x20001388   Data          96  usart.o(.bss)
    hdma_uart7_tx                            0x200013e8   Data          96  usart.o(.bss)
    hdma_uart8_rx                            0x20001448   Data          96  usart.o(.bss)
    hdma_usart2_rx                           0x200014a8   Data          96  usart.o(.bss)
    htim4                                    0x20001508   Data          64  stm32f4xx_hal_timebase_tim.o(.bss)
    xQueueRegistry                           0x20001548   Data          64  queue.o(.bss)
    g_gpsRxBuf                               0x200064c2   Data        4096  gps.o(.bss)
    g_preSplitBuf                            0x200074c2   Data         160  gps.o(.bss)
    g_aftSplitBuf                            0x20007562   Data         160  gps.o(.bss)
    g_config                                 0x20007604   Data           9  store.o(.bss)
    g_debug_RxBuf                            0x20007658   Data         100  debug.o(.bss)
    g_err_List                               0x200076bc   Data          20  param.o(.bss)
    g_sim_RxBuf                              0x20008062   Data        2048  sim7600.o(.bss)
    g_sim_DataRxBuf                          0x20008862   Data        2048  sim7600.o(.bss)
    ConfigDhcpMsg                            0x20009062   Data          22  w5500_ex.o(.bss)
    g_net_TxBuf                              0x20009078   Data        4096  w5500_ex.o(.bss)
    g_net_RxBuf                              0x2000a078   Data        4096  w5500_ex.o(.bss)
    EXTERN_DHCPBUF                           0x2000b078   Data        1024  dhcp.o(.bss)
    g_LCD_RxBuf                              0x2000b498   Data         100  lcd.o(.bss)
    g_LCD_TxBuf                              0x2000b4fc   Data         100  lcd.o(.bss)
    g_RTUTxBuff                              0x2000b574   Data        1024  modbus_rtu.o(.bss)
    g_RTURxBuff                              0x2000b974   Data        1024  modbus_rtu.o(.bss)
    g_uart2_RxBuf                            0x2000c184   Data         100  serial.o(.bss)
    g_uart3_RxBuf                            0x2000c1e8   Data         100  serial.o(.bss)
    g_uart4_RxBuf                            0x2000c24c   Data         100  serial.o(.bss)
    g_uart5_RxBuf                            0x2000c2b0   Data         256  serial.o(.bss)
    g_uart6_RxBuf                            0x2000c3b0   Data        2048  serial.o(.bss)
    g_uart7_RxBuf                            0x2000cbb0   Data          20  serial.o(.bss)
    g_uart8_RxBuf                            0x2000cbc4   Data        4096  serial.o(.bss)
    W25QXX_BUFFER                            0x2000dbc4   Data        4096  w25qxx.o(.bss)
    __libspace_start                         0x2000ebc4   Data          96  libspace.o(.bss)
    __temporary_stack_top$libspace           0x2000ec24   Data           0  libspace.o(.bss)



==============================================================================

Memory Map of the image

  Image Entry point : 0x080001ad

  Load Region LR_IROM1 (Base: 0x08000000, Size: 0x00010d24, Max: 0x00200000, ABSOLUTE, COMPRESSED[0x00010138])

    Execution Region ER_IROM1 (Exec base: 0x08000000, Load base: 0x08000000, Size: 0x0000fdc4, Max: 0x00200000, ABSOLUTE)

    Exec Addr    Load Addr    Size         Type   Attr      Idx    E Section Name        Object

    0x08000000   0x08000000   0x000001ac   Data   RO            3    RESET               startup_stm32f429xx.o
    0x080001ac   0x080001ac   0x00000008   Code   RO         8183  * !!!main             c_w.l(__main.o)
    0x080001b4   0x080001b4   0x00000034   Code   RO         8468    !!!scatter          c_w.l(__scatter.o)
    0x080001e8   0x080001e8   0x0000005a   Code   RO         8466    !!dczerorl2         c_w.l(__dczerorl2.o)
    0x08000242   0x08000242   0x00000002   PAD
    0x08000244   0x08000244   0x0000001c   Code   RO         8470    !!handler_zi        c_w.l(__scatter_zi.o)
    0x08000260   0x08000260   0x00000000   Code   RO         8160    .ARM.Collect$$_printf_percent$$00000000  c_w.l(_printf_percent.o)
    0x08000260   0x08000260   0x00000006   Code   RO         8217    .ARM.Collect$$_printf_percent$$00000001  c_w.l(_printf_n.o)
    0x08000266   0x08000266   0x00000006   Code   RO         8218    .ARM.Collect$$_printf_percent$$00000002  c_w.l(_printf_p.o)
    0x0800026c   0x0800026c   0x00000006   Code   RO         8222    .ARM.Collect$$_printf_percent$$00000003  c_w.l(_printf_f.o)
    0x08000272   0x08000272   0x00000006   Code   RO         8223    .ARM.Collect$$_printf_percent$$00000004  c_w.l(_printf_e.o)
    0x08000278   0x08000278   0x00000006   Code   RO         8224    .ARM.Collect$$_printf_percent$$00000005  c_w.l(_printf_g.o)
    0x0800027e   0x0800027e   0x00000006   Code   RO         8225    .ARM.Collect$$_printf_percent$$00000006  c_w.l(_printf_a.o)
    0x08000284   0x08000284   0x0000000a   Code   RO         8230    .ARM.Collect$$_printf_percent$$00000007  c_w.l(_printf_ll.o)
    0x0800028e   0x0800028e   0x00000006   Code   RO         8220    .ARM.Collect$$_printf_percent$$00000008  c_w.l(_printf_i.o)
    0x08000294   0x08000294   0x00000006   Code   RO         8159    .ARM.Collect$$_printf_percent$$00000009  c_w.l(_printf_d.o)
    0x0800029a   0x0800029a   0x00000006   Code   RO         8221    .ARM.Collect$$_printf_percent$$0000000A  c_w.l(_printf_u.o)
    0x080002a0   0x080002a0   0x00000006   Code   RO         8219    .ARM.Collect$$_printf_percent$$0000000B  c_w.l(_printf_o.o)
    0x080002a6   0x080002a6   0x00000006   Code   RO         8158    .ARM.Collect$$_printf_percent$$0000000C  c_w.l(_printf_x.o)
    0x080002ac   0x080002ac   0x00000006   Code   RO         8227    .ARM.Collect$$_printf_percent$$0000000D  c_w.l(_printf_lli.o)
    0x080002b2   0x080002b2   0x00000006   Code   RO         8228    .ARM.Collect$$_printf_percent$$0000000E  c_w.l(_printf_lld.o)
    0x080002b8   0x080002b8   0x00000006   Code   RO         8229    .ARM.Collect$$_printf_percent$$0000000F  c_w.l(_printf_llu.o)
    0x080002be   0x080002be   0x00000006   Code   RO         8234    .ARM.Collect$$_printf_percent$$00000010  c_w.l(_printf_llo.o)
    0x080002c4   0x080002c4   0x00000006   Code   RO         8235    .ARM.Collect$$_printf_percent$$00000011  c_w.l(_printf_llx.o)
    0x080002ca   0x080002ca   0x0000000a   Code   RO         8231    .ARM.Collect$$_printf_percent$$00000012  c_w.l(_printf_l.o)
    0x080002d4   0x080002d4   0x00000006   Code   RO         8156    .ARM.Collect$$_printf_percent$$00000013  c_w.l(_printf_c.o)
    0x080002da   0x080002da   0x00000006   Code   RO         8157    .ARM.Collect$$_printf_percent$$00000014  c_w.l(_printf_s.o)
    0x080002e0   0x080002e0   0x00000006   Code   RO         8232    .ARM.Collect$$_printf_percent$$00000015  c_w.l(_printf_lc.o)
    0x080002e6   0x080002e6   0x00000006   Code   RO         8233    .ARM.Collect$$_printf_percent$$00000016  c_w.l(_printf_ls.o)
    0x080002ec   0x080002ec   0x00000004   Code   RO         8226    .ARM.Collect$$_printf_percent$$00000017  c_w.l(_printf_percent_end.o)
    0x080002f0   0x080002f0   0x00000002   Code   RO         8330    .ARM.Collect$$libinit$$00000000  c_w.l(libinit.o)
    0x080002f2   0x080002f2   0x00000004   Code   RO         8352    .ARM.Collect$$libinit$$00000001  c_w.l(libinit2.o)
    0x080002f6   0x080002f6   0x00000000   Code   RO         8355    .ARM.Collect$$libinit$$00000004  c_w.l(libinit2.o)
    0x080002f6   0x080002f6   0x00000000   Code   RO         8358    .ARM.Collect$$libinit$$0000000A  c_w.l(libinit2.o)
    0x080002f6   0x080002f6   0x00000000   Code   RO         8360    .ARM.Collect$$libinit$$0000000C  c_w.l(libinit2.o)
    0x080002f6   0x080002f6   0x00000000   Code   RO         8362    .ARM.Collect$$libinit$$0000000E  c_w.l(libinit2.o)
    0x080002f6   0x080002f6   0x00000006   Code   RO         8363    .ARM.Collect$$libinit$$0000000F  c_w.l(libinit2.o)
    0x080002fc   0x080002fc   0x00000000   Code   RO         8365    .ARM.Collect$$libinit$$00000011  c_w.l(libinit2.o)
    0x080002fc   0x080002fc   0x0000000c   Code   RO         8366    .ARM.Collect$$libinit$$00000012  c_w.l(libinit2.o)
    0x08000308   0x08000308   0x00000000   Code   RO         8367    .ARM.Collect$$libinit$$00000013  c_w.l(libinit2.o)
    0x08000308   0x08000308   0x00000000   Code   RO         8369    .ARM.Collect$$libinit$$00000015  c_w.l(libinit2.o)
    0x08000308   0x08000308   0x0000000a   Code   RO         8370    .ARM.Collect$$libinit$$00000016  c_w.l(libinit2.o)
    0x08000312   0x08000312   0x00000000   Code   RO         8371    .ARM.Collect$$libinit$$00000017  c_w.l(libinit2.o)
    0x08000312   0x08000312   0x00000000   Code   RO         8373    .ARM.Collect$$libinit$$00000019  c_w.l(libinit2.o)
    0x08000312   0x08000312   0x00000000   Code   RO         8375    .ARM.Collect$$libinit$$0000001B  c_w.l(libinit2.o)
    0x08000312   0x08000312   0x00000000   Code   RO         8377    .ARM.Collect$$libinit$$0000001D  c_w.l(libinit2.o)
    0x08000312   0x08000312   0x00000000   Code   RO         8379    .ARM.Collect$$libinit$$0000001F  c_w.l(libinit2.o)
    0x08000312   0x08000312   0x00000000   Code   RO         8381    .ARM.Collect$$libinit$$00000021  c_w.l(libinit2.o)
    0x08000312   0x08000312   0x00000000   Code   RO         8383    .ARM.Collect$$libinit$$00000023  c_w.l(libinit2.o)
    0x08000312   0x08000312   0x00000000   Code   RO         8385    .ARM.Collect$$libinit$$00000025  c_w.l(libinit2.o)
    0x08000312   0x08000312   0x00000000   Code   RO         8389    .ARM.Collect$$libinit$$0000002C  c_w.l(libinit2.o)
    0x08000312   0x08000312   0x00000000   Code   RO         8391    .ARM.Collect$$libinit$$0000002E  c_w.l(libinit2.o)
    0x08000312   0x08000312   0x00000000   Code   RO         8393    .ARM.Collect$$libinit$$00000030  c_w.l(libinit2.o)
    0x08000312   0x08000312   0x00000000   Code   RO         8395    .ARM.Collect$$libinit$$00000032  c_w.l(libinit2.o)
    0x08000312   0x08000312   0x00000002   Code   RO         8396    .ARM.Collect$$libinit$$00000033  c_w.l(libinit2.o)
    0x08000314   0x08000314   0x00000002   Code   RO         8422    .ARM.Collect$$libshutdown$$00000000  c_w.l(libshutdown.o)
    0x08000316   0x08000316   0x00000000   Code   RO         8449    .ARM.Collect$$libshutdown$$00000002  c_w.l(libshutdown2.o)
    0x08000316   0x08000316   0x00000000   Code   RO         8451    .ARM.Collect$$libshutdown$$00000004  c_w.l(libshutdown2.o)
    0x08000316   0x08000316   0x00000000   Code   RO         8454    .ARM.Collect$$libshutdown$$00000007  c_w.l(libshutdown2.o)
    0x08000316   0x08000316   0x00000000   Code   RO         8457    .ARM.Collect$$libshutdown$$0000000A  c_w.l(libshutdown2.o)
    0x08000316   0x08000316   0x00000000   Code   RO         8459    .ARM.Collect$$libshutdown$$0000000C  c_w.l(libshutdown2.o)
    0x08000316   0x08000316   0x00000000   Code   RO         8462    .ARM.Collect$$libshutdown$$0000000F  c_w.l(libshutdown2.o)
    0x08000316   0x08000316   0x00000002   Code   RO         8463    .ARM.Collect$$libshutdown$$00000010  c_w.l(libshutdown2.o)
    0x08000318   0x08000318   0x00000000   Code   RO         8187    .ARM.Collect$$rtentry$$00000000  c_w.l(__rtentry.o)
    0x08000318   0x08000318   0x00000000   Code   RO         8247    .ARM.Collect$$rtentry$$00000002  c_w.l(__rtentry2.o)
    0x08000318   0x08000318   0x00000006   Code   RO         8259    .ARM.Collect$$rtentry$$00000004  c_w.l(__rtentry4.o)
    0x0800031e   0x0800031e   0x00000000   Code   RO         8249    .ARM.Collect$$rtentry$$00000009  c_w.l(__rtentry2.o)
    0x0800031e   0x0800031e   0x00000004   Code   RO         8250    .ARM.Collect$$rtentry$$0000000A  c_w.l(__rtentry2.o)
    0x08000322   0x08000322   0x00000000   Code   RO         8252    .ARM.Collect$$rtentry$$0000000C  c_w.l(__rtentry2.o)
    0x08000322   0x08000322   0x00000008   Code   RO         8253    .ARM.Collect$$rtentry$$0000000D  c_w.l(__rtentry2.o)
    0x0800032a   0x0800032a   0x00000002   Code   RO         8339    .ARM.Collect$$rtexit$$00000000  c_w.l(rtexit.o)
    0x0800032c   0x0800032c   0x00000000   Code   RO         8398    .ARM.Collect$$rtexit$$00000002  c_w.l(rtexit2.o)
    0x0800032c   0x0800032c   0x00000004   Code   RO         8399    .ARM.Collect$$rtexit$$00000003  c_w.l(rtexit2.o)
    0x08000330   0x08000330   0x00000006   Code   RO         8400    .ARM.Collect$$rtexit$$00000004  c_w.l(rtexit2.o)
    0x08000336   0x08000336   0x00000002   PAD
    0x08000338   0x08000338   0x000000be   Code   RO         5752    .emb_text           port.o
    0x080003f6   0x080003f6   0x00000002   PAD
    0x080003f8   0x080003f8   0x00000040   Code   RO            4    .text               startup_stm32f429xx.o
    0x08000438   0x08000438   0x00000002   Code   RO         8093    .text               c_w.l(use_no_semi_2.o)
    0x0800043a   0x0800043a   0x000000ee   Code   RO         8095    .text               c_w.l(lludivv7m.o)
    0x08000528   0x08000528   0x0000002c   Code   RO         8097    .text               c_w.l(sprintf.o)
    0x08000554   0x08000554   0x00000018   Code   RO         8099    .text               c_w.l(__2printf.o)
    0x0800056c   0x0800056c   0x0000002c   Code   RO         8101    .text               c_w.l(__2sprintf.o)
    0x08000598   0x08000598   0x0000004e   Code   RO         8109    .text               c_w.l(_printf_pad.o)
    0x080005e6   0x080005e6   0x00000052   Code   RO         8111    .text               c_w.l(_printf_str.o)
    0x08000638   0x08000638   0x00000078   Code   RO         8113    .text               c_w.l(_printf_dec.o)
    0x080006b0   0x080006b0   0x00000094   Code   RO         8133    .text               c_w.l(_printf_hex_int_ll_ptr.o)
    0x08000744   0x08000744   0x00000188   Code   RO         8153    .text               c_w.l(__printf_flags_ss_wp.o)
    0x080008cc   0x080008cc   0x00000024   Code   RO         8161    .text               c_w.l(strstr.o)
    0x080008f0   0x080008f0   0x00000058   Code   RO         8163    .text               c_w.l(memcmp.o)
    0x08000948   0x08000948   0x00000048   Code   RO         8165    .text               c_w.l(strcpy.o)
    0x08000990   0x08000990   0x0000003e   Code   RO         8167    .text               c_w.l(strlen.o)
    0x080009ce   0x080009ce   0x0000008a   Code   RO         8169    .text               c_w.l(rt_memcpy_v6.o)
    0x08000a58   0x08000a58   0x00000010   Code   RO         8173    .text               c_w.l(aeabi_memset.o)
    0x08000a68   0x08000a68   0x00000044   Code   RO         8175    .text               c_w.l(rt_memclr.o)
    0x08000aac   0x08000aac   0x0000004e   Code   RO         8177    .text               c_w.l(rt_memclr_w.o)
    0x08000afa   0x08000afa   0x00000056   Code   RO         8179    .text               c_w.l(strncpy.o)
    0x08000b50   0x08000b50   0x00000006   Code   RO         8181    .text               c_w.l(heapauxi.o)
    0x08000b56   0x08000b56   0x00000002   Code   RO         8185    .text               c_w.l(use_no_semi.o)
    0x08000b58   0x08000b58   0x00000024   Code   RO         8192    .text               c_w.l(_printf_truncate.o)
    0x08000b7c   0x08000b7c   0x000000b2   Code   RO         8194    .text               c_w.l(_printf_intcommon.o)
    0x08000c2e   0x08000c2e   0x00000028   Code   RO         8196    .text               c_w.l(_printf_charcount.o)
    0x08000c56   0x08000c56   0x00000002   PAD
    0x08000c58   0x08000c58   0x00000030   Code   RO         8198    .text               c_w.l(_printf_char_common.o)
    0x08000c88   0x08000c88   0x0000000a   Code   RO         8200    .text               c_w.l(_sputc.o)
    0x08000c92   0x08000c92   0x0000002c   Code   RO         8202    .text               c_w.l(_printf_char.o)
    0x08000cbe   0x08000cbe   0x00000002   PAD
    0x08000cc0   0x08000cc0   0x00000024   Code   RO         8204    .text               c_w.l(_printf_char_file.o)
    0x08000ce4   0x08000ce4   0x000000bc   Code   RO         8206    .text               c_w.l(_printf_wctomb.o)
    0x08000da0   0x08000da0   0x0000007c   Code   RO         8209    .text               c_w.l(_printf_longlong_dec.o)
    0x08000e1c   0x08000e1c   0x00000070   Code   RO         8215    .text               c_w.l(_printf_oct_int_ll.o)
    0x08000e8c   0x08000e8c   0x00000064   Code   RO         8236    .text               c_w.l(rt_memcpy_w.o)
    0x08000ef0   0x08000ef0   0x0000008a   Code   RO         8263    .text               c_w.l(lludiv10.o)
    0x08000f7a   0x08000f7a   0x0000041e   Code   RO         8265    .text               c_w.l(_printf_fp_dec.o)
    0x08001398   0x08001398   0x000002fc   Code   RO         8267    .text               c_w.l(_printf_fp_hex.o)
    0x08001694   0x08001694   0x0000002c   Code   RO         8272    .text               c_w.l(_printf_wchar.o)
    0x080016c0   0x080016c0   0x00000008   Code   RO         8274    .text               c_w.l(ferror.o)
    0x080016c8   0x080016c8   0x00000040   Code   RO         8278    .text               c_w.l(_wcrtomb.o)
    0x08001708   0x08001708   0x0000004a   Code   RO         8280    .text               c_w.l(sys_stackheap_outer.o)
    0x08001752   0x08001752   0x00000002   PAD
    0x08001754   0x08001754   0x00000010   Code   RO         8282    .text               c_w.l(rt_ctype_table.o)
    0x08001764   0x08001764   0x00000008   Code   RO         8287    .text               c_w.l(rt_locale_intlibspace.o)
    0x0800176c   0x0800176c   0x00000080   Code   RO         8289    .text               c_w.l(_printf_fp_infnan.o)
    0x080017ec   0x080017ec   0x000000e4   Code   RO         8291    .text               c_w.l(bigflt0.o)
    0x080018d0   0x080018d0   0x00000012   Code   RO         8319    .text               c_w.l(exit.o)
    0x080018e2   0x080018e2   0x00000002   PAD
    0x080018e4   0x080018e4   0x00000008   Code   RO         8336    .text               c_w.l(libspace.o)
    0x080018ec   0x080018ec   0x00000080   Code   RO         8350    .text               c_w.l(strcmpv7m.o)
    0x0800196c   0x0800196c   0x0000003e   Code   RO         8294    CL$$btod_d2e        c_w.l(btod.o)
    0x080019aa   0x080019aa   0x00000046   Code   RO         8296    CL$$btod_d2e_denorm_low  c_w.l(btod.o)
    0x080019f0   0x080019f0   0x00000060   Code   RO         8295    CL$$btod_d2e_norm_op1  c_w.l(btod.o)
    0x08001a50   0x08001a50   0x00000338   Code   RO         8304    CL$$btod_div_common  c_w.l(btod.o)
    0x08001d88   0x08001d88   0x000000dc   Code   RO         8301    CL$$btod_e2e        c_w.l(btod.o)
    0x08001e64   0x08001e64   0x0000002a   Code   RO         8298    CL$$btod_ediv       c_w.l(btod.o)
    0x08001e8e   0x08001e8e   0x0000002a   Code   RO         8297    CL$$btod_emul       c_w.l(btod.o)
    0x08001eb8   0x08001eb8   0x00000244   Code   RO         8303    CL$$btod_mult_common  c_w.l(btod.o)
    0x080020fc   0x080020fc   0x00000028   Code   RO         7589    i.Beep_Run          drivers.o
    0x08002124   0x08002124   0x00000004   Code   RO          644    i.BusFault_Handler  stm32f4xx_it.o
    0x08002128   0x08002128   0x0000016c   Code   RO         6333    i.CMNC_01_Solve     communicate.o
    0x08002294   0x08002294   0x000001bc   Code   RO         6334    i.CMNC_02_Solve     communicate.o
    0x08002450   0x08002450   0x00000180   Code   RO         6335    i.CMNC_03_Solve     communicate.o
    0x080025d0   0x080025d0   0x0000005c   Code   RO         6336    i.CMNC_04_Solve     communicate.o
    0x0800262c   0x0800262c   0x000000dc   Code   RO         6337    i.CMNC_05_Solve     communicate.o
    0x08002708   0x08002708   0x0000001a   Code   RO         6338    i.CMNC_06_Solve     communicate.o
    0x08002722   0x08002722   0x00000002   PAD
    0x08002724   0x08002724   0x000000e8   Code   RO         6339    i.CMNC_07_Solve     communicate.o
    0x0800280c   0x0800280c   0x0000013c   Code   RO         6340    i.CMNC_08_Solve     communicate.o
    0x08002948   0x08002948   0x00000002   Code   RO         6341    i.CMNC_09_Solve     communicate.o
    0x0800294a   0x0800294a   0x00000042   Code   RO         6342    i.CMNC_0A_Solve     communicate.o
    0x0800298c   0x0800298c   0x0000005c   Code   RO         6343    i.CMNC_AddCmd       communicate.o
    0x080029e8   0x080029e8   0x000001ac   Code   RO         6344    i.CMNC_DLProcess    communicate.o
    0x08002b94   0x08002b94   0x00000038   Code   RO         6345    i.CMNC_GetCmd       communicate.o
    0x08002bcc   0x08002bcc   0x0000001c   Code   RO         6346    i.CMNC_Init         communicate.o
    0x08002be8   0x08002be8   0x00000394   Code   RO         6347    i.CMNC_Prepare      communicate.o
    0x08002f7c   0x08002f7c   0x00000080   Code   RO         6348    i.CMNC_Process      communicate.o
    0x08002ffc   0x08002ffc   0x00000028   Code   RO         6349    i.CMNC_SendCmd      communicate.o
    0x08003024   0x08003024   0x0000006c   Code   RO         6350    i.CMNC_ULProcess    communicate.o
    0x08003090   0x08003090   0x0000002c   Code   RO         7668    i.CRC16InRam        crc.o
    0x080030bc   0x080030bc   0x0000004a   Code   RO         7669    i.CalCrc16          crc.o
    0x08003106   0x08003106   0x00000002   PAD
    0x08003108   0x08003108   0x00000258   Code   RO         6729    i.DHCP_run          dhcp.o
    0x08003360   0x08003360   0x0000002c   Code   RO         6730    i.DHCP_timer_handler  dhcp.o
    0x0800338c   0x0800338c   0x00000010   Code   RO          645    i.DMA1_Stream0_IRQHandler  stm32f4xx_it.o
    0x0800339c   0x0800339c   0x00000010   Code   RO          646    i.DMA1_Stream1_IRQHandler  stm32f4xx_it.o
    0x080033ac   0x080033ac   0x00000010   Code   RO          647    i.DMA1_Stream2_IRQHandler  stm32f4xx_it.o
    0x080033bc   0x080033bc   0x00000010   Code   RO          648    i.DMA1_Stream3_IRQHandler  stm32f4xx_it.o
    0x080033cc   0x080033cc   0x00000010   Code   RO          649    i.DMA1_Stream5_IRQHandler  stm32f4xx_it.o
    0x080033dc   0x080033dc   0x00000010   Code   RO          650    i.DMA1_Stream6_IRQHandler  stm32f4xx_it.o
    0x080033ec   0x080033ec   0x00000034   Code   RO         1434    i.DMA_CalcBaseAndBitshift  stm32f4xx_hal_dma.o
    0x08003420   0x08003420   0x000000aa   Code   RO         1435    i.DMA_CheckFifoParam  stm32f4xx_hal_dma.o
    0x080034ca   0x080034ca   0x0000002c   Code   RO         1436    i.DMA_SetConfig     stm32f4xx_hal_dma.o
    0x080034f6   0x080034f6   0x00000002   Code   RO          651    i.DebugMon_Handler  stm32f4xx_it.o
    0x080034f8   0x080034f8   0x00000010   Code   RO         6237    i.Debug_Init        debug.o
    0x08003508   0x08003508   0x0000013c   Code   RO         6238    i.Debug_Parse       debug.o
    0x08003644   0x08003644   0x00000040   Code   RO         6239    i.Debug_Process     debug.o
    0x08003684   0x08003684   0x00000038   Code   RO         7199    i.Disp_SetErrTip    display.o
    0x080036bc   0x080036bc   0x00000068   Code   RO         7200    i.Disp_SetGPSSNR    display.o
    0x08003724   0x08003724   0x0000005c   Code   RO         7201    i.Disp_SetLabel     display.o
    0x08003780   0x08003780   0x00000090   Code   RO         7202    i.Disp_SetList      display.o
    0x08003810   0x08003810   0x00000050   Code   RO         7203    i.Disp_SetNetIcon   display.o
    0x08003860   0x08003860   0x00000070   Code   RO         7204    i.Disp_SetTime      display.o
    0x080038d0   0x080038d0   0x00000008   Code   RO         7205    i.Display_Init      display.o
    0x080038d8   0x080038d8   0x0000005e   Code   RO         7206    i.Display_SetByteMid  display.o
    0x08003936   0x08003936   0x00000002   PAD
    0x08003938   0x08003938   0x00000024   Code   RO         7207    i.Display_SetLoginText  display.o
    0x0800395c   0x0800395c   0x000001a8   Code   RO         7208    i.Display_SetShow   display.o
    0x08003b04   0x08003b04   0x00000094   Code   RO         7209    i.Display_ShowOptions  display.o
    0x08003b98   0x08003b98   0x0000000c   Code   RO          652    i.EXTI9_5_IRQHandler  stm32f4xx_it.o
    0x08003ba4   0x08003ba4   0x00000038   Code   RO         6278    i.Error_Add         param.o
    0x08003bdc   0x08003bdc   0x00000034   Code   RO         6279    i.Error_Del         param.o
    0x08003c10   0x08003c10   0x00000034   Code   RO         6280    i.Error_GetError    param.o
    0x08003c44   0x08003c44   0x00000002   Code   RO           13    i.Error_Handler     main.o
    0x08003c46   0x08003c46   0x0000001c   Code   RO         6281    i.Error_Init        param.o
    0x08003c62   0x08003c62   0x00000002   PAD
    0x08003c64   0x08003c64   0x0000000c   Code   RO         6638    i.Ethernet_GetLinkStatus  w5500_ex.o
    0x08003c70   0x08003c70   0x00000054   Code   RO         6639    i.Ethernet_GetRxData  w5500_ex.o
    0x08003cc4   0x08003cc4   0x00000024   Code   RO         6640    i.Ethernet_Init     w5500_ex.o
    0x08003ce8   0x08003ce8   0x000001e4   Code   RO         6641    i.Ethernet_Process  w5500_ex.o
    0x08003ecc   0x08003ecc   0x0000002c   Code   RO         6642    i.Ethernet_Reset    w5500_ex.o
    0x08003ef8   0x08003ef8   0x00000024   Code   RO         6643    i.Ethernet_SetDhcpConfig  w5500_ex.o
    0x08003f1c   0x08003f1c   0x000000c0   Code   RO         6644    i.Ethernet_SetMac   w5500_ex.o
    0x08003fdc   0x08003fdc   0x00000114   Code   RO         6645    i.Ethernet_SetNetwork  w5500_ex.o
    0x080040f0   0x080040f0   0x00000038   Code   RO         6646    i.Ethernet_SetTxData  w5500_ex.o
    0x08004128   0x08004128   0x0000003c   Code   RO         6647    i.Ethernet_Timer_Handler  w5500_ex.o
    0x08004164   0x08004164   0x00000010   Code   RO         7590    i.Ex_WDI_Feed       drivers.o
    0x08004174   0x08004174   0x00000050   Code   RO         6073    i.GPS_GetLLData     gps.o
    0x080041c4   0x080041c4   0x0000000c   Code   RO         6074    i.GPS_GetSVDate     gps.o
    0x080041d0   0x080041d0   0x0000001c   Code   RO         6075    i.GPS_Init          gps.o
    0x080041ec   0x080041ec   0x0000002c   Code   RO         6076    i.GPS_LLIsReady     gps.o
    0x08004218   0x08004218   0x000000ec   Code   RO         6077    i.GPS_ParseLocation  gps.o
    0x08004304   0x08004304   0x000000dc   Code   RO         6078    i.GPS_ParseSV       gps.o
    0x080043e0   0x080043e0   0x0000003c   Code   RO         6079    i.GPS_Process       gps.o
    0x0800441c   0x0800441c   0x0000002c   Code   RO         6080    i.GPS_SVIsReady     gps.o
    0x08004448   0x08004448   0x000000a6   Code   RO         6081    i.GPS_Split         gps.o
    0x080044ee   0x080044ee   0x000000aa   Code   RO         1437    i.HAL_DMA_Abort     stm32f4xx_hal_dma.o
    0x08004598   0x08004598   0x00000028   Code   RO         1438    i.HAL_DMA_Abort_IT  stm32f4xx_hal_dma.o
    0x080045c0   0x080045c0   0x00000240   Code   RO         1442    i.HAL_DMA_IRQHandler  stm32f4xx_hal_dma.o
    0x08004800   0x08004800   0x000000ec   Code   RO         1443    i.HAL_DMA_Init      stm32f4xx_hal_dma.o
    0x080048ec   0x080048ec   0x00000092   Code   RO         1447    i.HAL_DMA_Start_IT  stm32f4xx_hal_dma.o
    0x0800497e   0x0800497e   0x00000002   Code   RO         1328    i.HAL_GPIO_EXTI_Callback  stm32f4xx_hal_gpio.o
    0x08004980   0x08004980   0x0000001c   Code   RO         1329    i.HAL_GPIO_EXTI_IRQHandler  stm32f4xx_hal_gpio.o
    0x0800499c   0x0800499c   0x0000021c   Code   RO         1330    i.HAL_GPIO_Init     stm32f4xx_hal_gpio.o
    0x08004bb8   0x08004bb8   0x00000010   Code   RO         1332    i.HAL_GPIO_ReadPin  stm32f4xx_hal_gpio.o
    0x08004bc8   0x08004bc8   0x00000012   Code   RO         1333    i.HAL_GPIO_TogglePin  stm32f4xx_hal_gpio.o
    0x08004bda   0x08004bda   0x0000000c   Code   RO         1334    i.HAL_GPIO_WritePin  stm32f4xx_hal_gpio.o
    0x08004be6   0x08004be6   0x00000002   PAD
    0x08004be8   0x08004be8   0x0000000c   Code   RO         1887    i.HAL_GetTick       stm32f4xx_hal.o
    0x08004bf4   0x08004bf4   0x00000018   Code   RO         1893    i.HAL_IncTick       stm32f4xx_hal.o
    0x08004c0c   0x08004c0c   0x0000003c   Code   RO         1894    i.HAL_Init          stm32f4xx_hal.o
    0x08004c48   0x08004c48   0x0000008c   Code   RO          834    i.HAL_InitTick      stm32f4xx_hal_timebase_tim.o
    0x08004cd4   0x08004cd4   0x00000054   Code   RO          810    i.HAL_MspInit       stm32f4xx_hal_msp.o
    0x08004d28   0x08004d28   0x00000020   Code   RO         1737    i.HAL_NVIC_EnableIRQ  stm32f4xx_hal_cortex.o
    0x08004d48   0x08004d48   0x0000007c   Code   RO         1743    i.HAL_NVIC_SetPriority  stm32f4xx_hal_cortex.o
    0x08004dc4   0x08004dc4   0x00000028   Code   RO         1744    i.HAL_NVIC_SetPriorityGrouping  stm32f4xx_hal_cortex.o
    0x08004dec   0x08004dec   0x0000008c   Code   RO         1666    i.HAL_PWREx_EnableOverDrive  stm32f4xx_hal_pwr_ex.o
    0x08004e78   0x08004e78   0x00000304   Code   RO          981    i.HAL_RCCEx_PeriphCLKConfig  stm32f4xx_hal_rcc_ex.o
    0x0800517c   0x0800517c   0x00000184   Code   RO          874    i.HAL_RCC_ClockConfig  stm32f4xx_hal_rcc.o
    0x08005300   0x08005300   0x00000044   Code   RO          878    i.HAL_RCC_GetClockConfig  stm32f4xx_hal_rcc.o
    0x08005344   0x08005344   0x0000000c   Code   RO          879    i.HAL_RCC_GetHCLKFreq  stm32f4xx_hal_rcc.o
    0x08005350   0x08005350   0x00000020   Code   RO          881    i.HAL_RCC_GetPCLK1Freq  stm32f4xx_hal_rcc.o
    0x08005370   0x08005370   0x00000020   Code   RO          882    i.HAL_RCC_GetPCLK2Freq  stm32f4xx_hal_rcc.o
    0x08005390   0x08005390   0x000000b0   Code   RO          883    i.HAL_RCC_GetSysClockFreq  stm32f4xx_hal_rcc.o
    0x08005440   0x08005440   0x00000488   Code   RO          886    i.HAL_RCC_OscConfig  stm32f4xx_hal_rcc.o
    0x080058c8   0x080058c8   0x0000004c   Code   RO         2147    i.HAL_RTC_GetDate   stm32f4xx_hal_rtc.o
    0x08005914   0x08005914   0x00000060   Code   RO         2149    i.HAL_RTC_GetTime   stm32f4xx_hal_rtc.o
    0x08005974   0x08005974   0x000000d8   Code   RO         2150    i.HAL_RTC_Init      stm32f4xx_hal_rtc.o
    0x08005a4c   0x08005a4c   0x00000018   Code   RO          423    i.HAL_RTC_MspInit   rtc.o
    0x08005a64   0x08005a64   0x00000104   Code   RO         2156    i.HAL_RTC_SetDate   stm32f4xx_hal_rtc.o
    0x08005b68   0x08005b68   0x0000012c   Code   RO         2157    i.HAL_RTC_SetTime   stm32f4xx_hal_rtc.o
    0x08005c94   0x08005c94   0x0000003a   Code   RO         2158    i.HAL_RTC_WaitForSynchro  stm32f4xx_hal_rtc.o
    0x08005cce   0x08005cce   0x0000008c   Code   RO         2519    i.HAL_SPI_Init      stm32f4xx_hal_spi.o
    0x08005d5a   0x08005d5a   0x00000002   PAD
    0x08005d5c   0x08005d5c   0x00000170   Code   RO          465    i.HAL_SPI_MspInit   spi.o
    0x08005ecc   0x08005ecc   0x0000022a   Code   RO         2528    i.HAL_SPI_TransmitReceive  stm32f4xx_hal_spi.o
    0x080060f6   0x080060f6   0x00000028   Code   RO         1746    i.HAL_SYSTICK_CLKSourceConfig  stm32f4xx_hal_cortex.o
    0x0800611e   0x0800611e   0x00000002   Code   RO         3518    i.HAL_TIMEx_BreakCallback  stm32f4xx_hal_tim_ex.o
    0x08006120   0x08006120   0x00000002   Code   RO         3519    i.HAL_TIMEx_CommutCallback  stm32f4xx_hal_tim_ex.o
    0x08006122   0x08006122   0x00000002   PAD
    0x08006124   0x08006124   0x000000b4   Code   RO         3536    i.HAL_TIMEx_MasterConfigSynchronization  stm32f4xx_hal_tim_ex.o
    0x080061d8   0x080061d8   0x00000034   Code   RO         2832    i.HAL_TIM_Base_Init  stm32f4xx_hal_tim.o
    0x0800620c   0x0800620c   0x00000080   Code   RO          519    i.HAL_TIM_Base_MspInit  tim.o
    0x0800628c   0x0800628c   0x0000002a   Code   RO         2837    i.HAL_TIM_Base_Start_IT  stm32f4xx_hal_tim.o
    0x080062b6   0x080062b6   0x00000108   Code   RO         2841    i.HAL_TIM_ConfigClockSource  stm32f4xx_hal_tim.o
    0x080063be   0x080063be   0x00000002   Code   RO         2861    i.HAL_TIM_IC_CaptureCallback  stm32f4xx_hal_tim.o
    0x080063c0   0x080063c0   0x00000196   Code   RO         2875    i.HAL_TIM_IRQHandler  stm32f4xx_hal_tim.o
    0x08006556   0x08006556   0x00000002   Code   RO         2878    i.HAL_TIM_OC_DelayElapsedCallback  stm32f4xx_hal_tim.o
    0x08006558   0x08006558   0x00000002   Code   RO         2905    i.HAL_TIM_PWM_PulseFinishedCallback  stm32f4xx_hal_tim.o
    0x0800655a   0x0800655a   0x00000002   PAD
    0x0800655c   0x0800655c   0x0000002c   Code   RO           14    i.HAL_TIM_PeriodElapsedCallback  main.o
    0x08006588   0x08006588   0x00000002   Code   RO         2918    i.HAL_TIM_TriggerCallback  stm32f4xx_hal_tim.o
    0x0800658a   0x0800658a   0x00000066   Code   RO         3788    i.HAL_UART_DMAStop  stm32f4xx_hal_uart.o
    0x080065f0   0x080065f0   0x00000002   Code   RO         3790    i.HAL_UART_ErrorCallback  stm32f4xx_hal_uart.o
    0x080065f2   0x080065f2   0x00000002   PAD
    0x080065f4   0x080065f4   0x00000154   Code   RO         3793    i.HAL_UART_IRQHandler  stm32f4xx_hal_uart.o
    0x08006748   0x08006748   0x00000072   Code   RO         3794    i.HAL_UART_Init     stm32f4xx_hal_uart.o
    0x080067ba   0x080067ba   0x00000002   PAD
    0x080067bc   0x080067bc   0x00000588   Code   RO          567    i.HAL_UART_MspInit  usart.o
    0x08006d44   0x08006d44   0x000000c4   Code   RO         3798    i.HAL_UART_Receive_DMA  stm32f4xx_hal_uart.o
    0x08006e08   0x08006e08   0x00000070   Code   RO         3799    i.HAL_UART_Receive_IT  stm32f4xx_hal_uart.o
    0x08006e78   0x08006e78   0x000000f0   Code   RO         7800    i.HAL_UART_RxCpltCallback  serial.o
    0x08006f68   0x08006f68   0x00000002   Code   RO         3801    i.HAL_UART_RxHalfCpltCallback  stm32f4xx_hal_uart.o
    0x08006f6a   0x08006f6a   0x000000d8   Code   RO         3802    i.HAL_UART_Transmit  stm32f4xx_hal_uart.o
    0x08007042   0x08007042   0x00000002   Code   RO         3805    i.HAL_UART_TxCpltCallback  stm32f4xx_hal_uart.o
    0x08007044   0x08007044   0x00000004   Code   RO          653    i.HardFault_Handler  stm32f4xx_it.o
    0x08007048   0x08007048   0x0000000a   Code   RO         6928    i.IINCHIP_CSoff     w5500.o
    0x08007052   0x08007052   0x0000000a   Code   RO         6929    i.IINCHIP_CSon      w5500.o
    0x0800705c   0x0800705c   0x00000032   Code   RO         6930    i.IINCHIP_READ      w5500.o
    0x0800708e   0x0800708e   0x0000000c   Code   RO         6931    i.IINCHIP_SpiSendData  w5500.o
    0x0800709a   0x0800709a   0x00000032   Code   RO         6932    i.IINCHIP_WRITE     w5500.o
    0x080070cc   0x080070cc   0x00000010   Code   RO         7295    i.LCD_GetButton     lcd.o
    0x080070dc   0x080070dc   0x0000001c   Code   RO         7296    i.LCD_Init          lcd.o
    0x080070f8   0x080070f8   0x00000060   Code   RO         7297    i.LCD_Process       lcd.o
    0x08007158   0x08007158   0x000000e0   Code   RO         7298    i.LCD_Send          lcd.o
    0x08007238   0x08007238   0x000000d4   Code   RO         7299    i.LCD_SwitchPage    lcd.o
    0x0800730c   0x0800730c   0x000000b0   Code   RO         7300    i.LCD_WriteBytes    lcd.o
    0x080073bc   0x080073bc   0x000000c8   Code   RO         7301    i.LCD_WriteWords    lcd.o
    0x08007484   0x08007484   0x00000088   Code   RO          398    i.MX_DMA_Init       dma.o
    0x0800750c   0x0800750c   0x00000104   Code   RO          320    i.MX_FREERTOS_Init  freertos.o
    0x08007610   0x08007610   0x000002b4   Code   RO          296    i.MX_GPIO_Init      gpio.o
    0x080078c4   0x080078c4   0x00000088   Code   RO          424    i.MX_RTC_Init       rtc.o
    0x0800794c   0x0800794c   0x00000044   Code   RO          466    i.MX_SPI1_Init      spi.o
    0x08007990   0x08007990   0x00000048   Code   RO          467    i.MX_SPI2_Init      spi.o
    0x080079d8   0x080079d8   0x00000044   Code   RO          468    i.MX_SPI4_Init      spi.o
    0x08007a1c   0x08007a1c   0x0000006c   Code   RO          520    i.MX_TIM2_Init      tim.o
    0x08007a88   0x08007a88   0x0000006c   Code   RO          521    i.MX_TIM3_Init      tim.o
    0x08007af4   0x08007af4   0x00000038   Code   RO          568    i.MX_UART4_Init     usart.o
    0x08007b2c   0x08007b2c   0x00000038   Code   RO          569    i.MX_UART5_Init     usart.o
    0x08007b64   0x08007b64   0x00000038   Code   RO          570    i.MX_UART7_Init     usart.o
    0x08007b9c   0x08007b9c   0x00000038   Code   RO          571    i.MX_UART8_Init     usart.o
    0x08007bd4   0x08007bd4   0x00000038   Code   RO          572    i.MX_USART2_UART_Init  usart.o
    0x08007c0c   0x08007c0c   0x00000038   Code   RO          573    i.MX_USART3_UART_Init  usart.o
    0x08007c44   0x08007c44   0x00000038   Code   RO          574    i.MX_USART6_UART_Init  usart.o
    0x08007c7c   0x08007c7c   0x000000ac   Code   RO         5832    i.Main_Init         apps.o
    0x08007d28   0x08007d28   0x000000e8   Code   RO         5833    i.Main_Process      apps.o
    0x08007e10   0x08007e10   0x00000004   Code   RO          654    i.MemManage_Handler  stm32f4xx_it.o
    0x08007e14   0x08007e14   0x0000005c   Code   RO         7363    i.Modbus_01_Pro     modbus.o
    0x08007e70   0x08007e70   0x00000064   Code   RO         7364    i.Modbus_03_Pro     modbus.o
    0x08007ed4   0x08007ed4   0x00000084   Code   RO         7365    i.Modbus_05_Pro     modbus.o
    0x08007f58   0x08007f58   0x00000074   Code   RO         7366    i.Modbus_06_Pro     modbus.o
    0x08007fcc   0x08007fcc   0x00000040   Code   RO         7367    i.Modbus_AddCmd     modbus.o
    0x0800800c   0x0800800c   0x00000008   Code   RO         7368    i.Modbus_GetParam   modbus.o
    0x08008014   0x08008014   0x0000004c   Code   RO         7452    i.Modbus_HeartBeat  modbus_rtu.o
    0x08008060   0x08008060   0x00000014   Code   RO         7369    i.Modbus_Init       modbus.o
    0x08008074   0x08008074   0x0000001c   Code   RO         7370    i.Modbus_Process    modbus.o
    0x08008090   0x08008090   0x000000bc   Code   RO         7371    i.Modbus_RxProcess  modbus.o
    0x0800814c   0x0800814c   0x00000098   Code   RO         7372    i.Modbus_SendCmd    modbus.o
    0x080081e4   0x080081e4   0x000000a0   Code   RO         7373    i.Modbus_TimProcess  modbus.o
    0x08008284   0x08008284   0x00000170   Code   RO         7374    i.Modbus_TxProcess  modbus.o
    0x080083f4   0x080083f4   0x00000002   Code   RO          655    i.NMI_Handler       stm32f4xx_it.o
    0x080083f6   0x080083f6   0x00000002   PAD
    0x080083f8   0x080083f8   0x00000030   Code   RO         6470    i.Network_GetRxData  network.o
    0x08008428   0x08008428   0x0000000c   Code   RO         6471    i.Network_GetStatus  network.o
    0x08008434   0x08008434   0x00000002   Code   RO         6472    i.Network_Init      network.o
    0x08008436   0x08008436   0x00000002   PAD
    0x08008438   0x08008438   0x00000098   Code   RO         6473    i.Network_Process   network.o
    0x080084d0   0x080084d0   0x000000d8   Code   RO         6474    i.Network_Send      network.o
    0x080085a8   0x080085a8   0x00000008   Code   RO         6282    i.Param_GetErrorStatus  param.o
    0x080085b0   0x080085b0   0x00000010   Code   RO         6008    i.Poul_ClrCode      poultry.o
    0x080085c0   0x080085c0   0x00000020   Code   RO         6009    i.Poul_DefBase      poultry.o
    0x080085e0   0x080085e0   0x0000000c   Code   RO         6010    i.Poul_GetInfo      poultry.o
    0x080085ec   0x080085ec   0x00000010   Code   RO         6011    i.Poul_InitModule   poultry.o
    0x080085fc   0x080085fc   0x00000084   Code   RO         6012    i.Poul_Process      poultry.o
    0x08008680   0x08008680   0x00000048   Code   RO         6013    i.Poul_RxCheck      poultry.o
    0x080086c8   0x080086c8   0x0000000c   Code   RO         6014    i.Poul_SetKind      poultry.o
    0x080086d4   0x080086d4   0x00000058   Code   RO         7591    i.PrintCharBuffer   drivers.o
    0x0800872c   0x0800872c   0x0000004c   Code   RO         7592    i.PrintHexBuffer    drivers.o
    0x08008778   0x08008778   0x00000058   Code   RO         7888    i.RTCTime_GetTime   rtctime.o
    0x080087d0   0x080087d0   0x0000007c   Code   RO         7889    i.RTCTime_SetTime   rtctime.o
    0x0800884c   0x0800884c   0x00000016   Code   RO         2159    i.RTC_Bcd2ToByte    stm32f4xx_hal_rtc.o
    0x08008862   0x08008862   0x0000001a   Code   RO         2160    i.RTC_ByteToBcd2    stm32f4xx_hal_rtc.o
    0x0800887c   0x0800887c   0x0000003e   Code   RO         2161    i.RTC_EnterInitMode  stm32f4xx_hal_rtc.o
    0x080088ba   0x080088ba   0x00000028   Code   RO         7455    i.RTU_01_Parse      modbus_rtu.o
    0x080088e2   0x080088e2   0x0000002e   Code   RO         7456    i.RTU_03_Parse      modbus_rtu.o
    0x08008910   0x08008910   0x00000054   Code   RO         7457    i.RTU_05_Parse      modbus_rtu.o
    0x08008964   0x08008964   0x00000042   Code   RO         7458    i.RTU_06_Parse      modbus_rtu.o
    0x080089a6   0x080089a6   0x000000b2   Code   RO         7459    i.RTU_Parse         modbus_rtu.o
    0x08008a58   0x08008a58   0x000000bc   Code   RO         7460    i.RTU_SendCmd       modbus_rtu.o
    0x08008b14   0x08008b14   0x00000030   Code   RO         7461    i.RTU_SetReg        modbus_rtu.o
    0x08008b44   0x08008b44   0x000003a4   Code   RO         5882    i.Route_Process     route.o
    0x08008ee8   0x08008ee8   0x00000168   Code   RO         5883    i.Route_UserLogin   route.o
    0x08009050   0x08009050   0x00000020   Code   RO         7924    i.SPI2_ReadWriteByte  w25qxx.o
    0x08009070   0x08009070   0x00000020   Code   RO         7593    i.SPI2_SendByte     drivers.o
    0x08009090   0x08009090   0x0000006c   Code   RO         2557    i.SPI_EndRxTxTransaction  stm32f4xx_hal_spi.o
    0x080090fc   0x080090fc   0x000000a8   Code   RO         2562    i.SPI_WaitFlagStateUntilTimeout  stm32f4xx_hal_spi.o
    0x080091a4   0x080091a4   0x00000030   Code   RO         6550    i.Sim2_SendReq      sim7600.o
    0x080091d4   0x080091d4   0x00000040   Code   RO         6551    i.Sim_Config        sim7600.o
    0x08009214   0x08009214   0x00000050   Code   RO         6552    i.Sim_GetData       sim7600.o
    0x08009264   0x08009264   0x00000028   Code   RO         6553    i.Sim_GetLinkStatus  sim7600.o
    0x0800928c   0x0800928c   0x00000108   Code   RO         6554    i.Sim_Init          sim7600.o
    0x08009394   0x08009394   0x000001e8   Code   RO         6555    i.Sim_Process       sim7600.o
    0x0800957c   0x0800957c   0x00000028   Code   RO         6556    i.Sim_PutData       sim7600.o
    0x080095a4   0x080095a4   0x0000003c   Code   RO         6557    i.Sim_Reset         sim7600.o
    0x080095e0   0x080095e0   0x000000d4   Code   RO         6559    i.Sim_Tcp           sim7600.o
    0x080096b4   0x080096b4   0x000000d0   Code   RO         6560    i.Sim_WaitAck       sim7600.o
    0x08009784   0x08009784   0x00000098   Code   RO         6561    i.Sim_WaitOpen      sim7600.o
    0x0800981c   0x0800981c   0x00000012   Code   RO          321    i.StartDefaultTask  freertos.o
    0x0800982e   0x0800982e   0x00000012   Code   RO          322    i.StartTask02       freertos.o
    0x08009840   0x08009840   0x00000012   Code   RO          323    i.StartTask03       freertos.o
    0x08009852   0x08009852   0x00000016   Code   RO          324    i.StartTask04       freertos.o
    0x08009868   0x08009868   0x00000008   Code   RO         6146    i.Store_GetConfig   store.o
    0x08009870   0x08009870   0x00000008   Code   RO         6147    i.Store_GetRecord   store.o
    0x08009878   0x08009878   0x00000100   Code   RO         6148    i.Store_Init        store.o
    0x08009978   0x08009978   0x0000001c   Code   RO         6149    i.Store_Process     store.o
    0x08009994   0x08009994   0x00000060   Code   RO         6150    i.Store_ReadBlock   store.o
    0x080099f4   0x080099f4   0x000002dc   Code   RO         6151    i.Store_SaveBlock   store.o
    0x08009cd0   0x08009cd0   0x00000024   Code   RO         6152    i.Store_SaveConfig  store.o
    0x08009cf4   0x08009cf4   0x00000028   Code   RO         6153    i.Store_SaveMercBase  store.o
    0x08009d1c   0x08009d1c   0x00000028   Code   RO         6154    i.Store_SavePoulBase  store.o
    0x08009d44   0x08009d44   0x00000020   Code   RO         6155    i.Store_SaveRecordNum  store.o
    0x08009d64   0x08009d64   0x00000034   Code   RO         5753    i.SysTick_Handler   port.o
    0x08009d98   0x08009d98   0x000000e0   Code   RO           15    i.SystemClock_Config  main.o
    0x08009e78   0x08009e78   0x0000001c   Code   RO         4101    i.SystemInit        system_stm32f4xx.o
    0x08009e94   0x08009e94   0x00000010   Code   RO          656    i.TIM2_IRQHandler   stm32f4xx_it.o
    0x08009ea4   0x08009ea4   0x00000010   Code   RO          657    i.TIM3_IRQHandler   stm32f4xx_it.o
    0x08009eb4   0x08009eb4   0x00000010   Code   RO          658    i.TIM4_IRQHandler   stm32f4xx_it.o
    0x08009ec4   0x08009ec4   0x000000d8   Code   RO         2920    i.TIM_Base_SetConfig  stm32f4xx_hal_tim.o
    0x08009f9c   0x08009f9c   0x00000016   Code   RO         2931    i.TIM_ETR_SetConfig  stm32f4xx_hal_tim.o
    0x08009fb2   0x08009fb2   0x00000012   Code   RO         2932    i.TIM_ITRx_SetConfig  stm32f4xx_hal_tim.o
    0x08009fc4   0x08009fc4   0x00000026   Code   RO         2938    i.TIM_TI1_ConfigInputStage  stm32f4xx_hal_tim.o
    0x08009fea   0x08009fea   0x00000028   Code   RO         2940    i.TIM_TI2_ConfigInputStage  stm32f4xx_hal_tim.o
    0x0800a012   0x0800a012   0x00000002   PAD
    0x0800a014   0x0800a014   0x00000010   Code   RO          659    i.UART4_IRQHandler  stm32f4xx_it.o
    0x0800a024   0x0800a024   0x00000014   Code   RO          660    i.UART5_IRQHandler  stm32f4xx_it.o
    0x0800a038   0x0800a038   0x00000014   Code   RO          661    i.UART7_IRQHandler  stm32f4xx_it.o
    0x0800a04c   0x0800a04c   0x00000014   Code   RO          662    i.UART8_IRQHandler  stm32f4xx_it.o
    0x0800a060   0x0800a060   0x00000014   Code   RO         3807    i.UART_DMAAbortOnError  stm32f4xx_hal_uart.o
    0x0800a074   0x0800a074   0x00000050   Code   RO         3808    i.UART_DMAError     stm32f4xx_hal_uart.o
    0x0800a0c4   0x0800a0c4   0x00000046   Code   RO         3809    i.UART_DMAReceiveCplt  stm32f4xx_hal_uart.o
    0x0800a10a   0x0800a10a   0x0000000e   Code   RO         3811    i.UART_DMARxHalfCplt  stm32f4xx_hal_uart.o
    0x0800a118   0x0800a118   0x00000020   Code   RO         3817    i.UART_EndRxTransfer  stm32f4xx_hal_uart.o
    0x0800a138   0x0800a138   0x00000020   Code   RO         3818    i.UART_EndTransmit_IT  stm32f4xx_hal_uart.o
    0x0800a158   0x0800a158   0x00000014   Code   RO         3819    i.UART_EndTxTransfer  stm32f4xx_hal_uart.o
    0x0800a16c   0x0800a16c   0x00000234   Code   RO         7801    i.UART_IDLE_IRQHandler  serial.o
    0x0800a3a0   0x0800a3a0   0x000000a6   Code   RO         3820    i.UART_Receive_IT   stm32f4xx_hal_uart.o
    0x0800a446   0x0800a446   0x00000002   PAD
    0x0800a448   0x0800a448   0x000003e8   Code   RO         3821    i.UART_SetConfig    stm32f4xx_hal_uart.o
    0x0800a830   0x0800a830   0x00000068   Code   RO         3822    i.UART_Transmit_IT  stm32f4xx_hal_uart.o
    0x0800a898   0x0800a898   0x0000006c   Code   RO         3823    i.UART_WaitOnFlagUntilTimeout  stm32f4xx_hal_uart.o
    0x0800a904   0x0800a904   0x00000014   Code   RO          663    i.USART2_IRQHandler  stm32f4xx_it.o
    0x0800a918   0x0800a918   0x00000010   Code   RO          664    i.USART3_IRQHandler  stm32f4xx_it.o
    0x0800a928   0x0800a928   0x00000010   Code   RO          665    i.USART6_IRQHandler  stm32f4xx_it.o
    0x0800a938   0x0800a938   0x0000001c   Code   RO         7804    i.Uart4_Send        serial.o
    0x0800a954   0x0800a954   0x0000001c   Code   RO         7806    i.Uart6_Send        serial.o
    0x0800a970   0x0800a970   0x00000034   Code   RO         7807    i.Uart7_Send        serial.o
    0x0800a9a4   0x0800a9a4   0x000001d8   Code   RO         7808    i.Uart_GetData      serial.o
    0x0800ab7c   0x0800ab7c   0x00000128   Code   RO         7809    i.Uart_SetRxEnable  serial.o
    0x0800aca4   0x0800aca4   0x00000040   Code   RO         7810    i.Uart_Timer_Handler  serial.o
    0x0800ace4   0x0800ace4   0x00000008   Code   RO         7527    i.Upg_GetInfo       upgrade.o
    0x0800acec   0x0800acec   0x0000006c   Code   RO         7531    i.Upg_SaveFrag      upgrade.o
    0x0800ad58   0x0800ad58   0x00000038   Code   RO         7532    i.Upg_Start         upgrade.o
    0x0800ad90   0x0800ad90   0x00000004   Code   RO          666    i.UsageFault_Handler  stm32f4xx_it.o
    0x0800ad94   0x0800ad94   0x00000078   Code   RO         5922    i.User_CheckLocal   usermsg.o
    0x0800ae0c   0x0800ae0c   0x00000020   Code   RO         5923    i.User_ClearRecv    usermsg.o
    0x0800ae2c   0x0800ae2c   0x0000000c   Code   RO         5924    i.User_GetInfo      usermsg.o
    0x0800ae38   0x0800ae38   0x0000001c   Code   RO         5925    i.User_InitMerc     usermsg.o
    0x0800ae54   0x0800ae54   0x00000020   Code   RO         5926    i.User_InitMercBase  usermsg.o
    0x0800ae74   0x0800ae74   0x00000010   Code   RO         5927    i.User_InitModule   usermsg.o
    0x0800ae84   0x0800ae84   0x0000006c   Code   RO         5928    i.User_Process      usermsg.o
    0x0800aef0   0x0800aef0   0x00000048   Code   RO         5930    i.User_SetCode      usermsg.o
    0x0800af38   0x0800af38   0x00000018   Code   RO         5931    i.User_SetCust      usermsg.o
    0x0800af50   0x0800af50   0x00000028   Code   RO         5932    i.User_SetCustAdmin  usermsg.o
    0x0800af78   0x0800af78   0x00000060   Code   RO         7926    i.W25QXX_Erase_Sector  w25qxx.o
    0x0800afd8   0x0800afd8   0x00000054   Code   RO         7927    i.W25QXX_Init       w25qxx.o
    0x0800b02c   0x0800b02c   0x0000006c   Code   RO         7929    i.W25QXX_Read       w25qxx.o
    0x0800b098   0x0800b098   0x0000004c   Code   RO         7930    i.W25QXX_ReadID     w25qxx.o
    0x0800b0e4   0x0800b0e4   0x00000054   Code   RO         7931    i.W25QXX_ReadSR     w25qxx.o
    0x0800b138   0x0800b138   0x00000014   Code   RO         7933    i.W25QXX_Wait_Busy  w25qxx.o
    0x0800b14c   0x0800b14c   0x000000b8   Code   RO         7934    i.W25QXX_Write      w25qxx.o
    0x0800b204   0x0800b204   0x00000024   Code   RO         7936    i.W25QXX_Write_Enable  w25qxx.o
    0x0800b228   0x0800b228   0x00000046   Code   RO         7937    i.W25QXX_Write_NoCheck  w25qxx.o
    0x0800b26e   0x0800b26e   0x00000002   PAD
    0x0800b270   0x0800b270   0x00000074   Code   RO         7938    i.W25QXX_Write_Page  w25qxx.o
    0x0800b2e4   0x0800b2e4   0x00000028   Code   RO         7594    i.WIZ_CS            drivers.o
    0x0800b30c   0x0800b30c   0x00000030   Code   RO         8334    i.__ARM_fpclassify  m_wm.l(fpclassify.o)
    0x0800b33c   0x0800b33c   0x00000010   Code   RO         1750    i.__NVIC_GetPriorityGrouping  stm32f4xx_hal_cortex.o
    0x0800b34c   0x0800b34c   0x00000028   Code   RO         1751    i.__NVIC_SetPriority  stm32f4xx_hal_cortex.o
    0x0800b374   0x0800b374   0x00000006   Code   RO         5258    i.__get_BASEPRI     cmsis_os2.o
    0x0800b37a   0x0800b37a   0x00000006   Code   RO         5259    i.__get_IPSR        cmsis_os2.o
    0x0800b380   0x0800b380   0x00000006   Code   RO         5260    i.__get_PRIMASK     cmsis_os2.o
    0x0800b386   0x0800b386   0x0000000e   Code   RO         8146    i._is_digit         c_w.l(__printf_wp.o)
    0x0800b394   0x0800b394   0x00000004   Code   RO         7595    i._sys_exit         drivers.o
    0x0800b398   0x0800b398   0x00000064   Code   RO         6732    i.check_DHCP_leasedIP  dhcp.o
    0x0800b3fc   0x0800b3fc   0x000000a8   Code   RO         6733    i.check_DHCP_timeout  dhcp.o
    0x0800b4a4   0x0800b4a4   0x00000034   Code   RO         6853    i.close             socket.o
    0x0800b4d8   0x0800b4d8   0x000000f8   Code   RO         6854    i.connect           socket.o
    0x0800b5d0   0x0800b5d0   0x00000024   Code   RO         6734    i.default_ip_assign  dhcp.o
    0x0800b5f4   0x0800b5f4   0x0000001c   Code   RO         6735    i.default_ip_conflict  dhcp.o
    0x0800b610   0x0800b610   0x00000020   Code   RO         6736    i.default_ip_update  dhcp.o
    0x0800b630   0x0800b630   0x00000014   Code   RO         7697    i.delay_init        delay.o
    0x0800b644   0x0800b644   0x0000001c   Code   RO         7596    i.fputc             drivers.o
    0x0800b660   0x0800b660   0x00000010   Code   RO         6934    i.getGAR            w5500.o
    0x0800b670   0x0800b670   0x00000010   Code   RO         6937    i.getIINCHIP_TxMAX  w5500.o
    0x0800b680   0x0800b680   0x0000000a   Code   RO         6940    i.getMR             w5500.o
    0x0800b68a   0x0800b68a   0x0000000c   Code   RO         6941    i.getRCR            w5500.o
    0x0800b696   0x0800b696   0x00000012   Code   RO         6942    i.getSHAR           w5500.o
    0x0800b6a8   0x0800b6a8   0x00000012   Code   RO         6943    i.getSIPR           w5500.o
    0x0800b6ba   0x0800b6ba   0x00000012   Code   RO         6944    i.getSUBR           w5500.o
    0x0800b6cc   0x0800b6cc   0x00000012   Code   RO         6945    i.getSn_IR          w5500.o
    0x0800b6de   0x0800b6de   0x00000054   Code   RO         6946    i.getSn_RX_RSR      w5500.o
    0x0800b732   0x0800b732   0x00000012   Code   RO         6947    i.getSn_SR          w5500.o
    0x0800b744   0x0800b744   0x00000054   Code   RO         6948    i.getSn_TX_FSR      w5500.o
    0x0800b798   0x0800b798   0x0000000a   Code   RO         6949    i.iinchip_init      w5500.o
    0x0800b7a2   0x0800b7a2   0x00000002   PAD
    0x0800b7a4   0x0800b7a4   0x00000080   Code   RO         6737    i.init_dhcp_client  dhcp.o
    0x0800b824   0x0800b824   0x00000054   Code   RO           16    i.main              main.o
    0x0800b878   0x0800b878   0x00000194   Code   RO         6738    i.makeDHCPMSG       dhcp.o
    0x0800ba0c   0x0800ba0c   0x00000038   Code   RO         5261    i.osDelay           cmsis_os2.o
    0x0800ba44   0x0800ba44   0x00000040   Code   RO         5275    i.osKernelInitialize  cmsis_os2.o
    0x0800ba84   0x0800ba84   0x00000048   Code   RO         5278    i.osKernelStart     cmsis_os2.o
    0x0800bacc   0x0800bacc   0x0000007c   Code   RO         5289    i.osMutexAcquire    cmsis_os2.o
    0x0800bb48   0x0800bb48   0x000000cc   Code   RO         5292    i.osMutexNew        cmsis_os2.o
    0x0800bc14   0x0800bc14   0x00000068   Code   RO         5293    i.osMutexRelease    cmsis_os2.o
    0x0800bc7c   0x0800bc7c   0x00000084   Code   RO         5294    i.osSemaphoreAcquire  cmsis_os2.o
    0x0800bd00   0x0800bd00   0x000000e8   Code   RO         5297    i.osSemaphoreNew    cmsis_os2.o
    0x0800bde8   0x0800bde8   0x00000074   Code   RO         5298    i.osSemaphoreRelease  cmsis_os2.o
    0x0800be5c   0x0800be5c   0x000000d4   Code   RO         5311    i.osThreadNew       cmsis_os2.o
    0x0800bf30   0x0800bf30   0x000001ec   Code   RO         6739    i.parseDHCPMSG      dhcp.o
    0x0800c11c   0x0800c11c   0x0000007c   Code   RO         4718    i.prvAddCurrentTaskToDelayedList  tasks.o
    0x0800c198   0x0800c198   0x000000b8   Code   RO         4719    i.prvAddNewTaskToReadyList  tasks.o
    0x0800c250   0x0800c250   0x00000074   Code   RO         5082    i.prvCheckForValidListAndQueue  timers.o
    0x0800c2c4   0x0800c2c4   0x00000048   Code   RO         4720    i.prvCheckTasksWaitingTermination  tasks.o
    0x0800c30c   0x0800c30c   0x0000002a   Code   RO         4305    i.prvCopyDataFromQueue  queue.o
    0x0800c336   0x0800c336   0x0000007e   Code   RO         4306    i.prvCopyDataToQueue  queue.o
    0x0800c3b4   0x0800c3b4   0x00000050   Code   RO         4721    i.prvDeleteTCB      tasks.o
    0x0800c404   0x0800c404   0x00000014   Code   RO         4307    i.prvGetDisinheritPriorityAfterTimeout  queue.o
    0x0800c418   0x0800c418   0x00000028   Code   RO         5083    i.prvGetNextExpireTime  timers.o
    0x0800c440   0x0800c440   0x0000007c   Code   RO         5703    i.prvHeapInit       heap_4.o
    0x0800c4bc   0x0800c4bc   0x00000028   Code   RO         4722    i.prvIdleTask       tasks.o
    0x0800c4e4   0x0800c4e4   0x0000001e   Code   RO         4308    i.prvInitialiseMutex  queue.o
    0x0800c502   0x0800c502   0x0000002a   Code   RO         4309    i.prvInitialiseNewQueue  queue.o
    0x0800c52c   0x0800c52c   0x000000be   Code   RO         4723    i.prvInitialiseNewTask  tasks.o
    0x0800c5ea   0x0800c5ea   0x00000002   PAD
    0x0800c5ec   0x0800c5ec   0x00000068   Code   RO         4724    i.prvInitialiseTaskLists  tasks.o
    0x0800c654   0x0800c654   0x00000068   Code   RO         5704    i.prvInsertBlockIntoFreeList  heap_4.o
    0x0800c6bc   0x0800c6bc   0x00000058   Code   RO         5085    i.prvInsertTimerInActiveList  timers.o
    0x0800c714   0x0800c714   0x0000001a   Code   RO         4310    i.prvIsQueueEmpty   queue.o
    0x0800c72e   0x0800c72e   0x0000001e   Code   RO         4311    i.prvIsQueueFull    queue.o
    0x0800c74c   0x0800c74c   0x00000074   Code   RO         5086    i.prvProcessExpiredTimer  timers.o
    0x0800c7c0   0x0800c7c0   0x00000164   Code   RO         5087    i.prvProcessReceivedCommands  timers.o
    0x0800c924   0x0800c924   0x00000074   Code   RO         5088    i.prvProcessTimerOrBlockTask  timers.o
    0x0800c998   0x0800c998   0x00000034   Code   RO         4726    i.prvResetNextTaskUnblockTime  tasks.o
    0x0800c9cc   0x0800c9cc   0x0000002c   Code   RO         5089    i.prvSampleTimeNow  timers.o
    0x0800c9f8   0x0800c9f8   0x000000a4   Code   RO         5090    i.prvSwitchTimerLists  timers.o
    0x0800ca9c   0x0800ca9c   0x00000040   Code   RO         5754    i.prvTaskExitError  port.o
    0x0800cadc   0x0800cadc   0x0000001a   Code   RO         5091    i.prvTimerTask      timers.o
    0x0800caf6   0x0800caf6   0x0000007e   Code   RO         4312    i.prvUnlockQueue    queue.o
    0x0800cb74   0x0800cb74   0x0000013c   Code   RO         5705    i.pvPortMalloc      heap_4.o
    0x0800ccb0   0x0800ccb0   0x00000020   Code   RO         4729    i.pvTaskIncrementMutexHeldCount  tasks.o
    0x0800ccd0   0x0800ccd0   0x0000002c   Code   RO         5755    i.pxPortInitialiseStack  port.o
    0x0800ccfc   0x0800ccfc   0x00000042   Code   RO         6857    i.recv              socket.o
    0x0800cd3e   0x0800cd3e   0x00000002   PAD
    0x0800cd40   0x0800cd40   0x00000094   Code   RO         6951    i.recv_data_processing  w5500.o
    0x0800cdd4   0x0800cdd4   0x00000200   Code   RO         6858    i.recvfrom          socket.o
    0x0800cfd4   0x0800cfd4   0x00000020   Code   RO         6740    i.reset_DHCP_timeout  dhcp.o
    0x0800cff4   0x0800cff4   0x000000ec   Code   RO         6859    i.send              socket.o
    0x0800d0e0   0x0800d0e0   0x000001f0   Code   RO         6741    i.send_DHCP_DECLINE  dhcp.o
    0x0800d2d0   0x0800d2d0   0x00000208   Code   RO         6742    i.send_DHCP_DISCOVER  dhcp.o
    0x0800d4d8   0x0800d4d8   0x0000037c   Code   RO         6743    i.send_DHCP_REQUEST  dhcp.o
    0x0800d854   0x0800d854   0x00000094   Code   RO         6952    i.send_data_processing  w5500.o
    0x0800d8e8   0x0800d8e8   0x0000010c   Code   RO         6860    i.sendto            socket.o
    0x0800d9f4   0x0800d9f4   0x00000010   Code   RO         6953    i.setGAR            w5500.o
    0x0800da04   0x0800da04   0x0000000e   Code   RO         6954    i.setMR             w5500.o
    0x0800da12   0x0800da12   0x00000010   Code   RO         6955    i.setRCR            w5500.o
    0x0800da22   0x0800da22   0x0000001a   Code   RO         6956    i.setRTR            w5500.o
    0x0800da3c   0x0800da3c   0x00000012   Code   RO         6957    i.setSHAR           w5500.o
    0x0800da4e   0x0800da4e   0x00000012   Code   RO         6958    i.setSIPR           w5500.o
    0x0800da60   0x0800da60   0x00000012   Code   RO         6959    i.setSUBR           w5500.o
    0x0800da72   0x0800da72   0x00000016   Code   RO         6960    i.setSn_IR          w5500.o
    0x0800da88   0x0800da88   0x000000c4   Code   RO         6861    i.socket            socket.o
    0x0800db4c   0x0800db4c   0x00000138   Code   RO         6963    i.sysinit           w5500.o
    0x0800dc84   0x0800dc84   0x00000028   Code   RO         4265    i.uxListRemove      list.o
    0x0800dcac   0x0800dcac   0x00000018   Code   RO         5323    i.vApplicationGetIdleTaskMemory  cmsis_os2.o
    0x0800dcc4   0x0800dcc4   0x00000018   Code   RO         5324    i.vApplicationGetTimerTaskMemory  cmsis_os2.o
    0x0800dcdc   0x0800dcdc   0x0000001a   Code   RO         4266    i.vListInitialise   list.o
    0x0800dcf6   0x0800dcf6   0x00000006   Code   RO         4267    i.vListInitialiseItem  list.o
    0x0800dcfc   0x0800dcfc   0x00000034   Code   RO         4268    i.vListInsert       list.o
    0x0800dd30   0x0800dd30   0x00000018   Code   RO         4269    i.vListInsertEnd    list.o
    0x0800dd48   0x0800dd48   0x00000054   Code   RO         5757    i.vPortEnterCritical  port.o
    0x0800dd9c   0x0800dd9c   0x0000003c   Code   RO         5758    i.vPortExitCritical  port.o
    0x0800ddd8   0x0800ddd8   0x00000094   Code   RO         5706    i.vPortFree         heap_4.o
    0x0800de6c   0x0800de6c   0x00000028   Code   RO         5759    i.vPortSetupTimerInterrupt  port.o
    0x0800de94   0x0800de94   0x00000078   Code   RO         5760    i.vPortValidateInterruptPriority  port.o
    0x0800df0c   0x0800df0c   0x0000002c   Code   RO         4318    i.vQueueAddToRegistry  queue.o
    0x0800df38   0x0800df38   0x00000032   Code   RO         4319    i.vQueueDelete      queue.o
    0x0800df6a   0x0800df6a   0x00000002   PAD
    0x0800df6c   0x0800df6c   0x00000030   Code   RO         4321    i.vQueueUnregisterQueue  queue.o
    0x0800df9c   0x0800df9c   0x0000004a   Code   RO         4322    i.vQueueWaitForMessageRestricted  queue.o
    0x0800dfe6   0x0800dfe6   0x00000002   PAD
    0x0800dfe8   0x0800dfe8   0x0000005c   Code   RO         4738    i.vTaskDelay        tasks.o
    0x0800e044   0x0800e044   0x00000018   Code   RO         4743    i.vTaskInternalSetTimeOutState  tasks.o
    0x0800e05c   0x0800e05c   0x0000000c   Code   RO         4744    i.vTaskMissedYield  tasks.o
    0x0800e068   0x0800e068   0x00000038   Code   RO         4746    i.vTaskPlaceOnEventList  tasks.o
    0x0800e0a0   0x0800e0a0   0x00000040   Code   RO         4747    i.vTaskPlaceOnEventListRestricted  tasks.o
    0x0800e0e0   0x0800e0e0   0x000000d0   Code   RO         4749    i.vTaskPriorityDisinheritAfterTimeout  tasks.o
    0x0800e1b0   0x0800e1b0   0x000000b8   Code   RO         4755    i.vTaskStartScheduler  tasks.o
    0x0800e268   0x0800e268   0x00000010   Code   RO         4757    i.vTaskSuspendAll   tasks.o
    0x0800e278   0x0800e278   0x00000090   Code   RO         4758    i.vTaskSwitchContext  tasks.o
    0x0800e308   0x0800e308   0x00000068   Code   RO         6964    i.wiz_read_buf      w5500.o
    0x0800e370   0x0800e370   0x00000068   Code   RO         6965    i.wiz_write_buf     w5500.o
    0x0800e3d8   0x0800e3d8   0x00000168   Code   RO         5761    i.xPortStartScheduler  port.o
    0x0800e540   0x0800e540   0x0000005c   Code   RO         4323    i.xQueueCreateCountingSemaphore  queue.o
    0x0800e59c   0x0800e59c   0x00000064   Code   RO         4324    i.xQueueCreateCountingSemaphoreStatic  queue.o
    0x0800e600   0x0800e600   0x00000022   Code   RO         4325    i.xQueueCreateMutex  queue.o
    0x0800e622   0x0800e622   0x0000002a   Code   RO         4326    i.xQueueCreateMutexStatic  queue.o
    0x0800e64c   0x0800e64c   0x00000060   Code   RO         4327    i.xQueueGenericCreate  queue.o
    0x0800e6ac   0x0800e6ac   0x000000e0   Code   RO         4328    i.xQueueGenericCreateStatic  queue.o
    0x0800e78c   0x0800e78c   0x00000098   Code   RO         4329    i.xQueueGenericReset  queue.o
    0x0800e824   0x0800e824   0x000001a8   Code   RO         4330    i.xQueueGenericSend  queue.o
    0x0800e9cc   0x0800e9cc   0x000000f8   Code   RO         4331    i.xQueueGenericSendFromISR  queue.o
    0x0800eac4   0x0800eac4   0x000000e0   Code   RO         4334    i.xQueueGiveFromISR  queue.o
    0x0800eba4   0x0800eba4   0x00000048   Code   RO         4335    i.xQueueGiveMutexRecursive  queue.o
    0x0800ebec   0x0800ebec   0x00000168   Code   RO         4340    i.xQueueReceive     queue.o
    0x0800ed54   0x0800ed54   0x000000ca   Code   RO         4341    i.xQueueReceiveFromISR  queue.o
    0x0800ee1e   0x0800ee1e   0x00000002   PAD
    0x0800ee20   0x0800ee20   0x000001b8   Code   RO         4342    i.xQueueSemaphoreTake  queue.o
    0x0800efd8   0x0800efd8   0x0000004e   Code   RO         4343    i.xQueueTakeMutexRecursive  queue.o
    0x0800f026   0x0800f026   0x00000002   PAD
    0x0800f028   0x0800f028   0x0000008c   Code   RO         4759    i.xTaskCheckForTimeOut  tasks.o
    0x0800f0b4   0x0800f0b4   0x00000064   Code   RO         4760    i.xTaskCreate       tasks.o
    0x0800f118   0x0800f118   0x000000ba   Code   RO         4761    i.xTaskCreateStatic  tasks.o
    0x0800f1d2   0x0800f1d2   0x00000002   PAD
    0x0800f1d4   0x0800f1d4   0x0000000c   Code   RO         4764    i.xTaskGetCurrentTaskHandle  tasks.o
    0x0800f1e0   0x0800f1e0   0x00000020   Code   RO         4765    i.xTaskGetSchedulerState  tasks.o
    0x0800f200   0x0800f200   0x0000000c   Code   RO         4766    i.xTaskGetTickCount  tasks.o
    0x0800f20c   0x0800f20c   0x00000144   Code   RO         4768    i.xTaskIncrementTick  tasks.o
    0x0800f350   0x0800f350   0x000000a4   Code   RO         4771    i.xTaskPriorityDisinherit  tasks.o
    0x0800f3f4   0x0800f3f4   0x000000a4   Code   RO         4772    i.xTaskPriorityInherit  tasks.o
    0x0800f498   0x0800f498   0x00000098   Code   RO         4773    i.xTaskRemoveFromEventList  tasks.o
    0x0800f530   0x0800f530   0x00000104   Code   RO         4774    i.xTaskResumeAll    tasks.o
    0x0800f634   0x0800f634   0x00000078   Code   RO         5099    i.xTimerCreateTimerTask  timers.o
    0x0800f6ac   0x0800f6ac   0x00000084   Code   RO         5100    i.xTimerGenericCommand  timers.o
    0x0800f730   0x0800f730   0x0000002c   Code   RO         8317    locale$$code        c_w.l(lc_numeric_c.o)
    0x0800f75c   0x0800f75c   0x0000002c   Code   RO         8344    locale$$code        c_w.l(lc_ctype_c.o)
    0x0800f788   0x0800f788   0x0000000a   Code   RO         8410    x$fpl$fpinit        fz_wm.l(fpinit.o)
    0x0800f792   0x0800f792   0x00000004   Code   RO         8238    x$fpl$printf1       fz_wm.l(printf1.o)
    0x0800f796   0x0800f796   0x00000004   Code   RO         8240    x$fpl$printf2       fz_wm.l(printf2.o)
    0x0800f79a   0x0800f79a   0x00000000   Code   RO         8333    x$fpl$usenofp       fz_wm.l(usenofp.o)
    0x0800f79a   0x0800f79a   0x00000002   PAD
    0x0800f79c   0x0800f79c   0x00000110   Data   RO          325    .constdata          freertos.o
    0x0800f8ac   0x0800f8ac   0x00000008   Data   RO         1449    .constdata          stm32f4xx_hal_dma.o
    0x0800f8b4   0x0800f8b4   0x00000018   Data   RO         4102    .constdata          system_stm32f4xx.o
    0x0800f8cc   0x0800f8cc   0x00000004   Data   RO         6352    .constdata          communicate.o
    0x0800f8d0   0x0800f8d0   0x00000006   Data   RO         7303    .constdata          lcd.o
    0x0800f8d6   0x0800f8d6   0x00000200   Data   RO         7670    .constdata          crc.o
    0x0800fad6   0x0800fad6   0x00000028   Data   RO         8134    .constdata          c_w.l(_printf_hex_int_ll_ptr.o)
    0x0800fafe   0x0800fafe   0x00000011   Data   RO         8154    .constdata          c_w.l(__printf_flags_ss_wp.o)
    0x0800fb0f   0x0800fb0f   0x00000001   PAD
    0x0800fb10   0x0800fb10   0x00000008   Data   RO         8207    .constdata          c_w.l(_printf_wctomb.o)
    0x0800fb18   0x0800fb18   0x00000026   Data   RO         8268    .constdata          c_w.l(_printf_fp_hex.o)
    0x0800fb3e   0x0800fb3e   0x00000002   PAD
    0x0800fb40   0x0800fb40   0x00000094   Data   RO         8292    .constdata          c_w.l(bigflt0.o)
    0x0800fbd4   0x0800fbd4   0x000000a3   Data   RO          326    .conststring        freertos.o
    0x0800fc77   0x0800fc77   0x00000001   PAD
    0x0800fc78   0x0800fc78   0x00000020   Data   RO         8464    Region$$Table       anon$$obj.o
    0x0800fc98   0x0800fc98   0x0000001c   Data   RO         8316    locale$$data        c_w.l(lc_numeric_c.o)
    0x0800fcb4   0x0800fcb4   0x00000110   Data   RO         8343    locale$$data        c_w.l(lc_ctype_c.o)


    Execution Region RW_IRAM2 (Exec base: 0x10000000, Load base: 0x08010138, Size: 0x00000000, Max: 0x00010000, ABSOLUTE)

    **** No section assigned to this execution region ****


    Execution Region RW_IRAM1 (Exec base: 0x20000000, Load base: 0x0800fdc4, Size: 0x00010a28, Max: 0x00030000, ABSOLUTE, COMPRESSED[0x00000374])

    Exec Addr    Load Addr    Size         Type   Attr      Idx    E Section Name        Object

    0x20000000   COMPRESSED   0x00000030   Data   RW          327    .data               freertos.o
    0x20000030   COMPRESSED   0x00000009   Data   RW         1901    .data               stm32f4xx_hal.o
    0x20000039   COMPRESSED   0x00000003   PAD
    0x2000003c   COMPRESSED   0x00000004   Data   RW         4103    .data               system_stm32f4xx.o
    0x20000040   COMPRESSED   0x0000003c   Data   RW         4777    .data               tasks.o
    0x2000007c   COMPRESSED   0x00000014   Data   RW         5108    .data               timers.o
    0x20000090   COMPRESSED   0x00000004   Data   RW         5326    .data               cmsis_os2.o
    0x20000094   COMPRESSED   0x00000018   Data   RW         5711    .data               heap_4.o
    0x200000ac   COMPRESSED   0x0000000c   Data   RW         5762    .data               port.o
    0x200000b8   COMPRESSED   0x000003bc   Data   RW         5835    .data               apps.o
    0x20000474   COMPRESSED   0x00000032   Data   RW         5884    .data               route.o
    0x200004a6   COMPRESSED   0x00000002   PAD
    0x200004a8   COMPRESSED   0x00000280   Data   RW         5933    .data               usermsg.o
    0x20000728   COMPRESSED   0x000001e8   Data   RW         6016    .data               poultry.o
    0x20000910   COMPRESSED   0x0000001c   Data   RW         6083    .data               gps.o
    0x2000092c   COMPRESSED   0x00000009   Data   RW         6157    .data               store.o
    0x20000935   COMPRESSED   0x00000001   Data   RW         6284    .data               param.o
    0x20000936   COMPRESSED   0x00000002   PAD
    0x20000938   COMPRESSED   0x00000065   Data   RW         6353    .data               communicate.o
    0x2000099d   COMPRESSED   0x00000002   Data   RW         6475    .data               network.o
    0x2000099f   COMPRESSED   0x00000001   PAD
    0x200009a0   COMPRESSED   0x00000464   Data   RW         6563    .data               sim7600.o
    0x20000e04   COMPRESSED   0x00000018   Data   RW         6649    .data               w5500_ex.o
    0x20000e1c   COMPRESSED   0x00000070   Data   RW         6745    .data               dhcp.o
    0x20000e8c   COMPRESSED   0x00000002   Data   RW         6862    .data               socket.o
    0x20000e8e   COMPRESSED   0x00000002   PAD
    0x20000e90   COMPRESSED   0x00000028   Data   RW         7210    .data               display.o
    0x20000eb8   COMPRESSED   0x00000008   Data   RW         7304    .data               lcd.o
    0x20000ec0   COMPRESSED   0x00000068   Data   RW         7376    .data               modbus.o
    0x20000f28   COMPRESSED   0x00000004   Data   RW         7597    .data               drivers.o
    0x20000f2c   COMPRESSED   0x00000004   Data   RW         7700    .data               delay.o
    0x20000f30   COMPRESSED   0x00000028   Data   RW         7812    .data               serial.o
    0x20000f58   COMPRESSED   0x00000006   Data   RW         7890    .data               rtctime.o
    0x20000f5e   COMPRESSED   0x00000002   Data   RW         7941    .data               w25qxx.o
    0x20000f60        -       0x00000020   Zero   RW          425    .bss                rtc.o
    0x20000f80        -       0x00000108   Zero   RW          469    .bss                spi.o
    0x20001088        -       0x00000080   Zero   RW          522    .bss                tim.o
    0x20001108        -       0x00000400   Zero   RW          575    .bss                usart.o
    0x20001508        -       0x00000040   Zero   RW          837    .bss                stm32f4xx_hal_timebase_tim.o
    0x20001548        -       0x00000040   Zero   RW         4344    .bss                queue.o
    0x20001588        -       0x000004c4   Zero   RW         4776    .bss                tasks.o
    0x20001a4c        -       0x00000118   Zero   RW         5107    .bss                timers.o
    0x20001b64        -       0x000006b8   Zero   RW         5325    .bss                cmsis_os2.o
    0x2000221c        -       0x00003c00   Zero   RW         5710    .bss                heap_4.o
    0x20005e1c        -       0x00000642   Zero   RW         5834    .bss                apps.o
    0x2000645e        -       0x00000064   Zero   RW         6015    .bss                poultry.o
    0x200064c2        -       0x00001140   Zero   RW         6082    .bss                gps.o
    0x20007602   COMPRESSED   0x00000002   PAD
    0x20007604        -       0x00000054   Zero   RW         6156    .bss                store.o
    0x20007658        -       0x00000064   Zero   RW         6240    .bss                debug.o
    0x200076bc        -       0x00000014   Zero   RW         6283    .bss                param.o
    0x200076d0        -       0x00000992   Zero   RW         6351    .bss                communicate.o
    0x20008062        -       0x00001000   Zero   RW         6562    .bss                sim7600.o
    0x20009062        -       0x00002016   Zero   RW         6648    .bss                w5500_ex.o
    0x2000b078        -       0x00000400   Zero   RW         6744    .bss                dhcp.o
    0x2000b478        -       0x00000020   Zero   RW         6966    .bss                w5500.o
    0x2000b498        -       0x000000c8   Zero   RW         7302    .bss                lcd.o
    0x2000b560        -       0x00000014   Zero   RW         7375    .bss                modbus.o
    0x2000b574        -       0x00000800   Zero   RW         7462    .bss                modbus_rtu.o
    0x2000bd74        -       0x00000410   Zero   RW         7533    .bss                upgrade.o
    0x2000c184        -       0x00001a40   Zero   RW         7811    .bss                serial.o
    0x2000dbc4        -       0x00001000   Zero   RW         7940    .bss                w25qxx.o
    0x2000ebc4        -       0x00000060   Zero   RW         8337    .bss                c_w.l(libspace.o)
    0x2000ec24   COMPRESSED   0x00000004   PAD
    0x2000ec28        -       0x00000a00   Zero   RW            2    HEAP                startup_stm32f429xx.o
    0x2000f628        -       0x00001400   Zero   RW            1    STACK               startup_stm32f429xx.o


==============================================================================

Image component sizes


      Code (inc. data)   RO Data    RW Data    ZI Data      Debug   Object Name

       404         92          0        956       1602       6319   apps.o
      1382         74          0          4       1720      39700   cmsis_os2.o
      3942       1030          4        101       2450      14967   communicate.o
       118          6        512          0          0       2114   crc.o
       396        108          0          0        100       2721   debug.o
        20          4          0          4          0        757   delay.o
      3972        398          0        112       1024      15655   dhcp.o
      1298        194          0         40          0      17145   display.o
       136          4          0          0          0        850   dma.o
       324         48          0          4          0       6595   drivers.o
         0          0          0          0          0      18508   event_groups.o
       336        112        435         48          0       4950   freertos.o
       692         38          0          0          0       1423   gpio.o
       890         98          0         28       4416       6840   gps.o
       692         62          0         24      15360       4927   heap_4.o
       952         74          6          8        200       5509   lcd.o
       148          0          0          0          0       3722   list.o
       354         14          0          0          0     792235   main.o
      1428        160          0        104         20      10060   modbus.o
       726         20          0          0       2048       7348   modbus_rtu.o
       430         88          0          2          0       4386   network.o
       196         16          0          1         20       3920   param.o
      1014         92          0         12          0      11961   port.o
       292         52          0        488        100       4549   poultry.o
      3446         30          0          0         64      31512   queue.o
      1292         82          0         50          0       4796   route.o
       160         16          0          0         32       1659   rtc.o
       212         16          0          6          0       2608   rtctime.o
      1744        390          0         40       6720       7230   serial.o
      1656        420          0       1124       4096       9415   sim7600.o
      1578         50          0          2          0       6352   socket.o
       576         56          0          0        264       3127   spi.o
        64         26        428          0       7680        868   startup_stm32f429xx.o
        96         20          0          9          0       8362   stm32f4xx_hal.o
       292         22          0          0          0      34460   stm32f4xx_hal_cortex.o
      1434         16          8          0          0       7226   stm32f4xx_hal_dma.o
       616         58          0          0          0       4988   stm32f4xx_hal_gpio.o
        84          6          0          0          0        906   stm32f4xx_hal_msp.o
       140         12          0          0          0       1324   stm32f4xx_hal_pwr_ex.o
      1868         94          0          0          0       6441   stm32f4xx_hal_rcc.o
       772         26          0          0          0       1640   stm32f4xx_hal_rcc_ex.o
      1116         22          0          0          0       7546   stm32f4xx_hal_rtc.o
       970          8          0          0          0       4617   stm32f4xx_hal_spi.o
      1106         46          0          0          0       9819   stm32f4xx_hal_tim.o
       184         30          0          0          0       2581   stm32f4xx_hal_tim_ex.o
       140         18          0          0         64       1535   stm32f4xx_hal_timebase_tim.o
      2732         26          0          0          0      15111   stm32f4xx_hal_uart.o
       304         88          0          0          0      12252   stm32f4xx_it.o
      1276        462          0          9         84       8115   store.o
         0          0          0          0          0        432   stream_buffer.o
        28          4         24          4          0       1223   system_stm32f4xx.o
      3224        386          0         60       1220      31319   tasks.o
       344         22          0          0        128       2503   tim.o
      1318        124          0         20        280      33199   timers.o
       172         24          0          0       1040       3137   upgrade.o
      1808        162          0          0       1024       6533   usart.o
       484         60          0        640          0       6153   usermsg.o
       906         64          0          2       4096       7850   w25qxx.o
      1418        130          0          0         32      19389   w5500.o
      1280        276          0         24       8214       8901   w5500_ex.o

    ----------------------------------------------------------------------
     55030       6076       1450       3936      64100    1302290   Object Totals
         0          0         32          0          0          0   (incl. Generated)
        48          0          1         10          2          0   (incl. Padding)

    ----------------------------------------------------------------------

      Code (inc. data)   RO Data    RW Data    ZI Data      Debug   Library Member Name

        24          4          0          0          0         84   __2printf.o
        44          6          0          0          0         84   __2sprintf.o
        90          0          0          0          0          0   __dczerorl2.o
         8          0          0          0          0         68   __main.o
       392          4         17          0          0         92   __printf_flags_ss_wp.o
        14          0          0          0          0         68   __printf_wp.o
         0          0          0          0          0          0   __rtentry.o
        12          0          0          0          0          0   __rtentry2.o
         6          0          0          0          0          0   __rtentry4.o
        52          8          0          0          0          0   __scatter.o
        28          0          0          0          0          0   __scatter_zi.o
         6          0          0          0          0          0   _printf_a.o
         6          0          0          0          0          0   _printf_c.o
        44          0          0          0          0        108   _printf_char.o
        48          6          0          0          0         96   _printf_char_common.o
        36          4          0          0          0         80   _printf_char_file.o
        40          0          0          0          0         68   _printf_charcount.o
         6          0          0          0          0          0   _printf_d.o
       120         16          0          0          0         92   _printf_dec.o
         6          0          0          0          0          0   _printf_e.o
         6          0          0          0          0          0   _printf_f.o
      1054          0          0          0          0        216   _printf_fp_dec.o
       764          8         38          0          0        100   _printf_fp_hex.o
       128         16          0          0          0         84   _printf_fp_infnan.o
         6          0          0          0          0          0   _printf_g.o
       148          4         40          0          0        160   _printf_hex_int_ll_ptr.o
         6          0          0          0          0          0   _printf_i.o
       178          0          0          0          0         88   _printf_intcommon.o
        10          0          0          0          0          0   _printf_l.o
         6          0          0          0          0          0   _printf_lc.o
        10          0          0          0          0          0   _printf_ll.o
         6          0          0          0          0          0   _printf_lld.o
         6          0          0          0          0          0   _printf_lli.o
         6          0          0          0          0          0   _printf_llo.o
         6          0          0          0          0          0   _printf_llu.o
         6          0          0          0          0          0   _printf_llx.o
       124         16          0          0          0         92   _printf_longlong_dec.o
         6          0          0          0          0          0   _printf_ls.o
         6          0          0          0          0          0   _printf_n.o
         6          0          0          0          0          0   _printf_o.o
       112         10          0          0          0        124   _printf_oct_int_ll.o
         6          0          0          0          0          0   _printf_p.o
        78          0          0          0          0        108   _printf_pad.o
         0          0          0          0          0          0   _printf_percent.o
         4          0          0          0          0          0   _printf_percent_end.o
         6          0          0          0          0          0   _printf_s.o
        82          0          0          0          0         80   _printf_str.o
        36          0          0          0          0         84   _printf_truncate.o
         6          0          0          0          0          0   _printf_u.o
        44          0          0          0          0        108   _printf_wchar.o
       188          6          8          0          0         92   _printf_wctomb.o
         6          0          0          0          0          0   _printf_x.o
        10          0          0          0          0         68   _sputc.o
        64          0          0          0          0         92   _wcrtomb.o
        16          0          0          0          0         68   aeabi_memset.o
       228          4        148          0          0         96   bigflt0.o
      1936        128          0          0          0        672   btod.o
        18          0          0          0          0         80   exit.o
         8          0          0          0          0         68   ferror.o
         6          0          0          0          0        152   heapauxi.o
        44         10        272          0          0         76   lc_ctype_c.o
        44         10         28          0          0         76   lc_numeric_c.o
         2          0          0          0          0          0   libinit.o
        34          0          0          0          0          0   libinit2.o
         2          0          0          0          0          0   libshutdown.o
         2          0          0          0          0          0   libshutdown2.o
         8          4          0          0         96         68   libspace.o
       138          0          0          0          0         80   lludiv10.o
       238          0          0          0          0        100   lludivv7m.o
        88          0          0          0          0         76   memcmp.o
        16          4          0          0          0         76   rt_ctype_table.o
         8          4          0          0          0         68   rt_locale_intlibspace.o
        68          0          0          0          0         68   rt_memclr.o
        78          0          0          0          0         80   rt_memclr_w.o
       138          0          0          0          0         68   rt_memcpy_v6.o
       100          0          0          0          0         80   rt_memcpy_w.o
         2          0          0          0          0          0   rtexit.o
        10          0          0          0          0          0   rtexit2.o
        44          6          0          0          0         84   sprintf.o
       128          0          0          0          0         68   strcmpv7m.o
        72          0          0          0          0         80   strcpy.o
        62          0          0          0          0         76   strlen.o
        86          0          0          0          0         76   strncpy.o
        36          0          0          0          0         80   strstr.o
        74          0          0          0          0         80   sys_stackheap_outer.o
         2          0          0          0          0         68   use_no_semi.o
         2          0          0          0          0         68   use_no_semi_2.o
        10          0          0          0          0        116   fpinit.o
         4          0          0          0          0        116   printf1.o
         4          0          0          0          0        116   printf2.o
         0          0          0          0          0          0   usenofp.o
        48          0          0          0          0        124   fpclassify.o

    ----------------------------------------------------------------------
      7930        278        554          0        100       5540   Library Totals
        14          0          3          0          4          0   (incl. Padding)

    ----------------------------------------------------------------------

      Code (inc. data)   RO Data    RW Data    ZI Data      Debug   Library Name

      7850        278        551          0         96       5068   c_w.l
        18          0          0          0          0        348   fz_wm.l
        48          0          0          0          0        124   m_wm.l

    ----------------------------------------------------------------------
      7930        278        554          0        100       5540   Library Totals

    ----------------------------------------------------------------------

==============================================================================


      Code (inc. data)   RO Data    RW Data    ZI Data      Debug   

     62960       6354       2004       3936      64200    1260170   Grand Totals
     62960       6354       2004        884      64200    1260170   ELF Image Totals (compressed)
     62960       6354       2004        884          0          0   ROM Totals

==============================================================================

    Total RO  Size (Code + RO Data)                64964 (  63.44kB)
    Total RW  Size (RW Data + ZI Data)             68136 (  66.54kB)
    Total ROM Size (Code + RO Data + RW Data)      65848 (  64.30kB)

==============================================================================

